Archive member included to satisfy reference by file (symbol)

/Applications/STM32CubeIDE.app/Contents/Eclipse/plugins/com.st.stm32cube.ide.mcu.externaltools.gnu-tools-for-stm32.11.3.rel1.macos64_1.1.100.202310310803/tools/bin/../lib/gcc/arm-none-eabi/11.3.1/../../../../arm-none-eabi/lib/thumb/v7e-m+fp/hard/libc_nano.a(libc_a-exit.o)
                              /Applications/STM32CubeIDE.app/Contents/Eclipse/plugins/com.st.stm32cube.ide.mcu.externaltools.gnu-tools-for-stm32.11.3.rel1.macos64_1.1.100.202310310803/tools/bin/../lib/gcc/arm-none-eabi/11.3.1/../../../../arm-none-eabi/lib/thumb/v7e-m+fp/hard/crt0.o (exit)
/Applications/STM32CubeIDE.app/Contents/Eclipse/plugins/com.st.stm32cube.ide.mcu.externaltools.gnu-tools-for-stm32.11.3.rel1.macos64_1.1.100.202310310803/tools/bin/../lib/gcc/arm-none-eabi/11.3.1/../../../../arm-none-eabi/lib/thumb/v7e-m+fp/hard/libc_nano.a(libc_a-malloc.o)
                              ./Middlewares/ST/STM32_USB_Host_Library/Class/CDC/Src/usbh_cdc.o (malloc)
/Applications/STM32CubeIDE.app/Contents/Eclipse/plugins/com.st.stm32cube.ide.mcu.externaltools.gnu-tools-for-stm32.11.3.rel1.macos64_1.1.100.202310310803/tools/bin/../lib/gcc/arm-none-eabi/11.3.1/../../../../arm-none-eabi/lib/thumb/v7e-m+fp/hard/libc_nano.a(libc_a-mallocr.o)
                              /Applications/STM32CubeIDE.app/Contents/Eclipse/plugins/com.st.stm32cube.ide.mcu.externaltools.gnu-tools-for-stm32.11.3.rel1.macos64_1.1.100.202310310803/tools/bin/../lib/gcc/arm-none-eabi/11.3.1/../../../../arm-none-eabi/lib/thumb/v7e-m+fp/hard/libc_nano.a(libc_a-malloc.o) (_malloc_r)
/Applications/STM32CubeIDE.app/Contents/Eclipse/plugins/com.st.stm32cube.ide.mcu.externaltools.gnu-tools-for-stm32.11.3.rel1.macos64_1.1.100.202310310803/tools/bin/../lib/gcc/arm-none-eabi/11.3.1/../../../../arm-none-eabi/lib/thumb/v7e-m+fp/hard/libc_nano.a(libc_a-setvbuf.o)
                              ./Core/Src/retarget.o (setvbuf)
/Applications/STM32CubeIDE.app/Contents/Eclipse/plugins/com.st.stm32cube.ide.mcu.externaltools.gnu-tools-for-stm32.11.3.rel1.macos64_1.1.100.202310310803/tools/bin/../lib/gcc/arm-none-eabi/11.3.1/../../../../arm-none-eabi/lib/thumb/v7e-m+fp/hard/libc_nano.a(libc_a-mlock.o)
                              /Applications/STM32CubeIDE.app/Contents/Eclipse/plugins/com.st.stm32cube.ide.mcu.externaltools.gnu-tools-for-stm32.11.3.rel1.macos64_1.1.100.202310310803/tools/bin/../lib/gcc/arm-none-eabi/11.3.1/../../../../arm-none-eabi/lib/thumb/v7e-m+fp/hard/libc_nano.a(libc_a-mallocr.o) (__malloc_lock)
/Applications/STM32CubeIDE.app/Contents/Eclipse/plugins/com.st.stm32cube.ide.mcu.externaltools.gnu-tools-for-stm32.11.3.rel1.macos64_1.1.100.202310310803/tools/bin/../lib/gcc/arm-none-eabi/11.3.1/../../../../arm-none-eabi/lib/thumb/v7e-m+fp/hard/libc_nano.a(libc_a-findfp.o)
                              /Applications/STM32CubeIDE.app/Contents/Eclipse/plugins/com.st.stm32cube.ide.mcu.externaltools.gnu-tools-for-stm32.11.3.rel1.macos64_1.1.100.202310310803/tools/bin/../lib/gcc/arm-none-eabi/11.3.1/../../../../arm-none-eabi/lib/thumb/v7e-m+fp/hard/libc_nano.a(libc_a-setvbuf.o) (__sinit)
/Applications/STM32CubeIDE.app/Contents/Eclipse/plugins/com.st.stm32cube.ide.mcu.externaltools.gnu-tools-for-stm32.11.3.rel1.macos64_1.1.100.202310310803/tools/bin/../lib/gcc/arm-none-eabi/11.3.1/../../../../arm-none-eabi/lib/thumb/v7e-m+fp/hard/libc_nano.a(libc_a-fwalk.o)
                              /Applications/STM32CubeIDE.app/Contents/Eclipse/plugins/com.st.stm32cube.ide.mcu.externaltools.gnu-tools-for-stm32.11.3.rel1.macos64_1.1.100.202310310803/tools/bin/../lib/gcc/arm-none-eabi/11.3.1/../../../../arm-none-eabi/lib/thumb/v7e-m+fp/hard/libc_nano.a(libc_a-findfp.o) (_fwalk_sglue)
/Applications/STM32CubeIDE.app/Contents/Eclipse/plugins/com.st.stm32cube.ide.mcu.externaltools.gnu-tools-for-stm32.11.3.rel1.macos64_1.1.100.202310310803/tools/bin/../lib/gcc/arm-none-eabi/11.3.1/../../../../arm-none-eabi/lib/thumb/v7e-m+fp/hard/libc_nano.a(libc_a-makebuf.o)
                              /Applications/STM32CubeIDE.app/Contents/Eclipse/plugins/com.st.stm32cube.ide.mcu.externaltools.gnu-tools-for-stm32.11.3.rel1.macos64_1.1.100.202310310803/tools/bin/../lib/gcc/arm-none-eabi/11.3.1/../../../../arm-none-eabi/lib/thumb/v7e-m+fp/hard/libc_nano.a(libc_a-setvbuf.o) (__swhatbuf_r)
/Applications/STM32CubeIDE.app/Contents/Eclipse/plugins/com.st.stm32cube.ide.mcu.externaltools.gnu-tools-for-stm32.11.3.rel1.macos64_1.1.100.202310310803/tools/bin/../lib/gcc/arm-none-eabi/11.3.1/../../../../arm-none-eabi/lib/thumb/v7e-m+fp/hard/libc_nano.a(libc_a-printf.o)
                              ./Core/Src/main.o (printf)
/Applications/STM32CubeIDE.app/Contents/Eclipse/plugins/com.st.stm32cube.ide.mcu.externaltools.gnu-tools-for-stm32.11.3.rel1.macos64_1.1.100.202310310803/tools/bin/../lib/gcc/arm-none-eabi/11.3.1/../../../../arm-none-eabi/lib/thumb/v7e-m+fp/hard/libc_nano.a(libc_a-memset.o)
[...]
Memory Configuration

Name             Origin             Length             Attributes
CCMRAM           0x0000000010000000 0x0000000000010000 xrw
RAM              0x0000000020000000 0x0000000000030000 xrw
FLASH            0x0000000008000000 0x0000000000200000 xr
*default*        0x0000000000000000 0xffffffffffffffff

Linker script and memory map

LOAD /Applications/STM32CubeIDE.app/Contents/Eclipse/plugins/com.st.stm32cube.ide.mcu.externaltools.gnu-tools-for-stm32.11.3.rel1.macos64_1.1.100.202310310803/tools/bin/../lib/gcc/arm-none-eabi/11.3.1/thumb/v7e-m+fp/hard/crti.o
LOAD /Applications/STM32CubeIDE.app/Contents/Eclipse/plugins/com.st.stm32cube.ide.mcu.externaltools.gnu-tools-for-stm32.11.3.rel1.macos64_1.1.100.202310310803/tools/bin/../lib/gcc/arm-none-eabi/11.3.1/thumb/v7e-m+fp/hard/crtbegin.o
LOAD /Applications/STM32CubeIDE.app/Contents/Eclipse/plugins/com.st.stm32cube.ide.mcu.externaltools.gnu-tools-for-stm32.11.3.rel1.macos64_1.1.100.202310310803/tools/bin/../lib/gcc/arm-none-eabi/11.3.1/../../../../arm-none-eabi/lib/thumb/v7e-m+fp/hard/crt0.o
LOAD ./Core/Src/main.o
LOAD ./Core/Src/retarget.o
LOAD ./Core/Src/stm32f4xx_hal_msp.o
LOAD ./Core/Src/stm32f4xx_it.o
LOAD ./Core/Src/sysmem.o
LOAD ./Core/Src/system_stm32f4xx.o
LOAD ./Core/Startup/startup_stm32f439zitx.o
LOAD ./Drivers/STM32F4xx_HAL_Driver/Src/stm32f4xx_hal.o
LOAD ./Drivers/STM32F4xx_HAL_Driver/Src/stm32f4xx_hal_can.o
LOAD ./Drivers/STM32F4xx_HAL_Driver/Src/stm32f4xx_hal_cortex.o
LOAD ./Drivers/STM32F4xx_HAL_Driver/Src/stm32f4xx_hal_dma.o
LOAD ./Drivers/STM32F4xx_HAL_Driver/Src/stm32f4xx_hal_dma_ex.o
LOAD ./Drivers/STM32F4xx_HAL_Driver/Src/stm32f4xx_hal_exti.o
LOAD ./Drivers/STM32F4xx_HAL_Driver/Src/stm32f4xx_hal_flash.o
LOAD ./Drivers/STM32F4xx_HAL_Driver/Src/stm32f4xx_hal_flash_ex.o
LOAD ./Drivers/STM32F4xx_HAL_Driver/Src/stm32f4xx_hal_flash_ramfunc.o
LOAD ./Drivers/STM32F4xx_HAL_Driver/Src/stm32f4xx_hal_gpio.o
LOAD ./Drivers/STM32F4xx_HAL_Driver/Src/stm32f4xx_hal_hcd.o
LOAD ./Drivers/STM32F4xx_HAL_Driver/Src/stm32f4xx_hal_pwr.o
LOAD ./Drivers/STM32F4xx_HAL_Driver/Src/stm32f4xx_hal_pwr_ex.o
LOAD ./Drivers/STM32F4xx_HAL_Driver/Src/stm32f4xx_hal_rcc.o
LOAD ./Drivers/STM32F4xx_HAL_Driver/Src/stm32f4xx_hal_rcc_ex.o
LOAD ./Drivers/STM32F4xx_HAL_Driver/Src/stm32f4xx_hal_tim.o
LOAD ./Drivers/STM32F4xx_HAL_Driver/Src/stm32f4xx_hal_tim_ex.o
LOAD ./Drivers/STM32F4xx_HAL_Driver/Src/stm32f4xx_hal_uart.o
LOAD ./Drivers/STM32F4xx_HAL_Driver/Src/stm32f4xx_ll_usb.o
LOAD ./Middlewares/ST/STM32_USB_Host_Library/Class/CDC/Src/usbh_cdc.o
LOAD ./Middlewares/ST/STM32_USB_Host_Library/Core/Src/usbh_core.o
LOAD ./Middlewares/ST/STM32_USB_Host_Library/Core/Src/usbh_ctlreq.o
LOAD ./Middlewares/ST/STM32_USB_Host_Library/Core/Src/usbh_ioreq.o
LOAD ./Middlewares/ST/STM32_USB_Host_Library/Core/Src/usbh_pipes.o
LOAD ./USB_HOST/App/usb_host.o
LOAD ./USB_HOST/Target/usbh_conf.o
LOAD ./USB_HOST/Target/usbh_platform.o
START GROUP
LOAD /Applications/STM32CubeIDE.app/Contents/Eclipse/plugins/com.st.stm32cube.ide.mcu.externaltools.gnu-tools-for-stm32.11.3.rel1.macos64_1.1.100.202310310803/tools/bin/../lib/gcc/arm-none-eabi/11.3.1/../../../../arm-none-eabi/lib/thumb/v7e-m+fp/hard/libc_nano.a
LOAD /Applications/STM32CubeIDE.app/Contents/Eclipse/plugins/com.st.stm32cube.ide.mcu.externaltools.gnu-tools-for-stm32.11.3.rel1.macos64_1.1.100.202310310803/tools/bin/../lib/gcc/arm-none-eabi/11.3.1/../../../../arm-none-eabi/lib/thumb/v7e-m+fp/hard/libm.a
END GROUP
START GROUP
LOAD /Applications/STM32CubeIDE.app/Contents/Eclipse/plugins/com.st.stm32cube.ide.mcu.externaltools.gnu-tools-for-stm32.11.3.rel1.macos64_1.1.100.202310310803/tools/bin/../lib/gcc/arm-none-eabi/11.3.1/thumb/v7e-m+fp/hard/libgcc.a
LOAD /Applications/STM32CubeIDE.app/Contents/Eclipse/plugins/com.st.stm32cube.ide.mcu.externaltools.gnu-tools-for-stm32.11.3.rel1.macos64_1.1.100.202310310803/tools/bin/../lib/gcc/arm-none-eabi/11.3.1/../../../../arm-none-eabi/lib/thumb/v7e-m+fp/hard/libc_nano.a
END GROUP
START GROUP
LOAD /Applications/STM32CubeIDE.app/Contents/Eclipse/plugins/com.st.stm32cube.ide.mcu.externaltools.gnu-tools-for-stm32.11.3.rel1.macos64_1.1.100.202310310803/tools/bin/../lib/gcc/arm-none-eabi/11.3.1/thumb/v7e-m+fp/hard/libgcc.a
LOAD /Applications/STM32CubeIDE.app/Contents/Eclipse/plugins/com.st.stm32cube.ide.mcu.externaltools.gnu-tools-for-stm32.11.3.rel1.macos64_1.1.100.202310310803/tools/bin/../lib/gcc/arm-none-eabi/11.3.1/../../../../arm-none-eabi/lib/thumb/v7e-m+fp/hard/libc_nano.a
LOAD /Applications/STM32CubeIDE.app/Contents/Eclipse/plugins/com.st.stm32cube.ide.mcu.externaltools.gnu-tools-for-stm32.11.3.rel1.macos64_1.1.100.202310310803/tools/bin/../lib/gcc/arm-none-eabi/11.3.1/../../../../arm-none-eabi/lib/thumb/v7e-m+fp/hard/libnosys.a
END GROUP
START GROUP
LOAD /Applications/STM32CubeIDE.app/Contents/Eclipse/plugins/com.st.stm32cube.ide.mcu.externaltools.gnu-tools-for-stm32.11.3.rel1.macos64_1.1.100.202310310803/tools/bin/../lib/gcc/arm-none-eabi/11.3.1/thumb/v7e-m+fp/hard/libgcc.a
LOAD /Applications/STM32CubeIDE.app/Contents/Eclipse/plugins/com.st.stm32cube.ide.mcu.externaltools.gnu-tools-for-stm32.11.3.rel1.macos64_1.1.100.202310310803/tools/bin/../lib/gcc/arm-none-eabi/11.3.1/../../../../arm-none-eabi/lib/thumb/v7e-m+fp/hard/libc_nano.a
LOAD /Applications/STM32CubeIDE.app/Contents/Eclipse/plugins/com.st.stm32cube.ide.mcu.externaltools.gnu-tools-for-stm32.11.3.rel1.macos64_1.1.100.202310310803/tools/bin/../lib/gcc/arm-none-eabi/11.3.1/../../../../arm-none-eabi/lib/thumb/v7e-m+fp/hard/libnosys.a
END GROUP
LOAD /Applications/STM32CubeIDE.app/Contents/Eclipse/plugins/com.st.stm32cube.ide.mcu.externaltools.gnu-tools-for-stm32.11.3.rel1.macos64_1.1.100.202310310803/tools/bin/../lib/gcc/arm-none-eabi/11.3.1/thumb/v7e-m+fp/hard/crtend.o
LOAD /Applications/STM32CubeIDE.app/Contents/Eclipse/plugins/com.st.stm32cube.ide.mcu.externaltools.gnu-tools-for-stm32.11.3.rel1.macos64_1.1.100.202310310803/tools/bin/../lib/gcc/arm-none-eabi/11.3.1/thumb/v7e-m+fp/hard/crtn.o
                0x0000000020030000                _estack = (ORIGIN (RAM) + LENGTH (RAM))
                0x0000000000000200                _Min_Heap_Size = 0x200
                0x0000000000000400                _Min_Stack_Size = 0x400

.isr_vector     0x0000000008000000      0x1ac
                0x0000000008000000                . = ALIGN (0x4)
 *(.isr_vector)
 .isr_vector    0x0000000008000000      0x1ac ./Core/Startup/startup_stm32f439zitx.o
                0x0000000008000000                g_pfnVectors
                0x00000000080001ac                . = ALIGN (0x4)

.text           0x00000000080001b0     0xbfb8
                0x00000000080001b0                . = ALIGN (0x4)
 *(.text)
 .text          0x00000000080001b0       0x40 /Applications/STM32CubeIDE.app/Contents/Eclipse/plugins/com.st.stm32cube.ide.mcu.externaltools.gnu-tools-for-stm32.11.3.rel1.macos64_1.1.100.202310310803/tools/bin/../lib/gcc/arm-none-eabi/11.3.1/thumb/v7e-m+fp/hard/crtbegin.o
 .text          0x00000000080001f0       0xa0 /Applications/STM32CubeIDE.app/Contents/Eclipse/plugins/com.st.stm32cube.ide.mcu.externaltools.gnu-tools-for-stm32.11.3.rel1.macos64_1.1.100.202310310803/tools/bin/../lib/gcc/arm-none-eabi/11.3.1/../../../../arm-none-eabi/lib/thumb/v7e-m+fp/hard/libc_nano.a(libc_a-memchr.o)
                0x00000000080001f0                memchr
 .text          0x0000000008000290      0x378 /Applications/STM32CubeIDE.app/Contents/Eclipse/plugins/com.st.stm32cube.ide.mcu.externaltools.gnu-tools-for-stm32.11.3.rel1.macos64_1.1.100.202310310803/tools/bin/../lib/gcc/arm-none-eabi/11.3.1/thumb/v7e-m+fp/hard/libgcc.a(_arm_addsubdf3.o)
                0x0000000008000290                __aeabi_drsub
                0x0000000008000298                __subdf3
                0x0000000008000298                __aeabi_dsub
                0x000000000800029c                __aeabi_dadd
                0x000000000800029c                __adddf3
                0x0000000008000514                __aeabi_ui2d
                0x0000000008000514                __floatunsidf
                0x0000000008000534                __floatsidf
                0x0000000008000534                __aeabi_i2d
                0x0000000008000558                __extendsfdf2
                0x0000000008000558                __aeabi_f2d
                0x000000000800059c                __aeabi_ul2d
                0x000000000800059c                __floatundidf
                0x00000000080005ac                __aeabi_l2d
                0x00000000080005ac                __floatdidf
 .text          0x0000000008000608      0x424 /Applications/STM32CubeIDE.app/Contents/Eclipse/plugins/com.st.stm32cube.ide.mcu.externaltools.gnu-tools-for-stm32.11.3.rel1.macos64_1.1.100.202310310803/tools/bin/../lib/gcc/arm-none-eabi/11.3.1/thumb/v7e-m+fp/hard/libgcc.a(_arm_muldivdf3.o)
                0x0000000008000608                __aeabi_dmul
                0x0000000008000608                __muldf3
                0x000000000800085c                __aeabi_ddiv
                0x000000000800085c                __divdf3
 .text          0x0000000008000a2c       0x40 /Applications/STM32CubeIDE.app/Contents/Eclipse/plugins/com.st.stm32cube.ide.mcu.externaltools.gnu-tools-for-stm32.11.3.rel1.macos64_1.1.100.202310310803/tools/bin/../lib/gcc/arm-none-eabi/11.3.1/thumb/v7e-m+fp/hard/libgcc.a(_arm_fixunsdfsi.o)
                0x0000000008000a2c                __fixunsdfsi
                0x0000000008000a2c                __aeabi_d2uiz
 .text          0x0000000008000a6c       0xa0 /Applications/STM32CubeIDE.app/Contents/Eclipse/plugins/com.st.stm32cube.ide.mcu.externaltools.gnu-tools-for-stm32.11.3.rel1.macos64_1.1.100.202310310803/tools/bin/../lib/gcc/arm-none-eabi/11.3.1/thumb/v7e-m+fp/hard/libgcc.a(_arm_truncdfsf2.o)
                0x0000000008000a6c                __aeabi_d2f
                0x0000000008000a6c                __truncdfsf2
 .text          0x0000000008000b0c       0x30 /Applications/STM32CubeIDE.app/Contents/Eclipse/plugins/com.st.stm32cube.ide.mcu.externaltools.gnu-tools-for-stm32.11.3.rel1.macos64_1.1.100.202310310803/tools/bin/../lib/gcc/arm-none-eabi/11.3.1/thumb/v7e-m+fp/hard/libgcc.a(_aeabi_uldivmod.o)
                0x0000000008000b0c                __aeabi_uldivmod
 .text          0x0000000008000b3c      0x2c8 /Applications/STM32CubeIDE.app/Contents/Eclipse/plugins/com.st.stm32cube.ide.mcu.externaltools.gnu-tools-for-stm32.11.3.rel1.macos64_1.1.100.202310310803/tools/bin/../lib/gcc/arm-none-eabi/11.3.1/thumb/v7e-m+fp/hard/libgcc.a(_udivmoddi4.o)
                0x0000000008000b3c                __udivmoddi4
 .text          0x0000000008000e04        0x4 /Applications/STM32CubeIDE.app/Contents/Eclipse/plugins/com.st.stm32cube.ide.mcu.externaltools.gnu-tools-for-stm32.11.3.rel1.macos64_1.1.100.202310310803/tools/bin/../lib/gcc/arm-none-eabi/11.3.1/thumb/v7e-m+fp/hard/libgcc.a(_dvmd_tls.o)
                0x0000000008000e04                __aeabi_ldiv0
                0x0000000008000e04                __aeabi_idiv0
 *(.text*)
 .text.main     0x0000000008000e08      0x7cc ./Core/Src/main.o
                0x0000000008000e08                main
 .text.SystemClock_Config
                0x00000000080015d4       0xd4 ./Core/Src/main.o
                0x00000000080015d4                SystemClock_Config
 .text.MX_CAN1_Init
                0x00000000080016a8       0x6c ./Core/Src/main.o
 .text.MX_UART7_Init
                0x0000000008001714       0x54 ./Core/Src/main.o
 .text.MX_USART3_UART_Init
                0x0000000008001768       0x54 ./Core/Src/main.o
 .text.MX_USART6_UART_Init
                0x00000000080017bc       0x54 ./Core/Src/main.o
 .text.MX_DMA_Init
                0x0000000008001810       0x6c ./Core/Src/main.o
 .text.MX_GPIO_Init
                0x000000000800187c      0x22c ./Core/Src/main.o
 .text.config_CAN
                0x0000000008001aa8       0x68 ./Core/Src/main.o
                0x0000000008001aa8                config_CAN
 .text.HAL_UART_RxCpltCallback
                0x0000000008001b10      0x134 ./Core/Src/main.o
                0x0000000008001b10                HAL_UART_RxCpltCallback
 .text.parseMTData2
                0x0000000008001c44      0x124 ./Core/Src/main.o
                0x0000000008001c44                parseMTData2
 .text.dataswapendian
                0x0000000008001d68       0xc4 ./Core/Src/main.o
                0x0000000008001d68                dataswapendian
 .text.CDC_HANDLE
                0x0000000008001e2c       0x34 ./Core/Src/main.o
                0x0000000008001e2c                CDC_HANDLE
 .text.HAL_CAN_TxMailbox1CompleteCallback
                0x0000000008001e60       0x14 ./Core/Src/main.o
                0x0000000008001e60                HAL_CAN_TxMailbox1CompleteCallback
 .text.Error_Handler
                0x0000000008001e74        0xa ./Core/Src/main.o
                0x0000000008001e74                Error_Handler
 *fill*         0x0000000008001e7e        0x2 
 .text.RetargetInit
                0x0000000008001e80       0x30 ./Core/Src/retarget.o
                0x0000000008001e80                RetargetInit
 .text._isatty  0x0000000008001eb0       0x2c ./Core/Src/retarget.o
                0x0000000008001eb0                _isatty
 .text._write   0x0000000008001edc       0x58 ./Core/Src/retarget.o
                0x0000000008001edc                _write
 .text._close   0x0000000008001f34       0x2e ./Core/Src/retarget.o
                0x0000000008001f34                _close
 .text._lseek   0x0000000008001f62       0x22 ./Core/Src/retarget.o
                0x0000000008001f62                _lseek
 .text._read    0x0000000008001f84       0x50 ./Core/Src/retarget.o
                0x0000000008001f84                _read
 .text._fstat   0x0000000008001fd4       0x36 ./Core/Src/retarget.o
                0x0000000008001fd4                _fstat
 *fill*         0x000000000800200a        0x2 
 .text.HAL_MspInit
                0x000000000800200c       0x50 ./Core/Src/stm32f4xx_hal_msp.o
                0x000000000800200c                HAL_MspInit
 .text.HAL_CAN_MspInit
                0x000000000800205c       0xa0 ./Core/Src/stm32f4xx_hal_msp.o
                0x000000000800205c                HAL_CAN_MspInit
 .text.HAL_UART_MspInit
                0x00000000080020fc      0x238 ./Core/Src/stm32f4xx_hal_msp.o
                0x00000000080020fc                HAL_UART_MspInit
 .text.NMI_Handler
                0x0000000008002334        0x6 ./Core/Src/stm32f4xx_it.o
                0x0000000008002334                NMI_Handler
 .text.HardFault_Handler
                0x000000000800233a        0x6 ./Core/Src/stm32f4xx_it.o
                0x000000000800233a                HardFault_Handler
 .text.MemManage_Handler
                0x0000000008002340        0x6 ./Core/Src/stm32f4xx_it.o
                0x0000000008002340                MemManage_Handler
 .text.BusFault_Handler
                0x0000000008002346        0x6 ./Core/Src/stm32f4xx_it.o
                0x0000000008002346                BusFault_Handler
 .text.UsageFault_Handler
                0x000000000800234c        0x6 ./Core/Src/stm32f4xx_it.o
                0x000000000800234c                UsageFault_Handler
 .text.SVC_Handler
                0x0000000008002352        0xe ./Core/Src/stm32f4xx_it.o
                0x0000000008002352                SVC_Handler
 .text.DebugMon_Handler
                0x0000000008002360        0xe ./Core/Src/stm32f4xx_it.o
                0x0000000008002360                DebugMon_Handler
 .text.PendSV_Handler
                0x000000000800236e        0xe ./Core/Src/stm32f4xx_it.o
                0x000000000800236e                PendSV_Handler
 .text.SysTick_Handler
                0x000000000800237c        0xc ./Core/Src/stm32f4xx_it.o
                0x000000000800237c                SysTick_Handler
 .text.DMA1_Stream3_IRQHandler
                0x0000000008002388       0x14 ./Core/Src/stm32f4xx_it.o
                0x0000000008002388                DMA1_Stream3_IRQHandler
 .text.CAN1_TX_IRQHandler
                0x000000000800239c       0x14 ./Core/Src/stm32f4xx_it.o
                0x000000000800239c                CAN1_TX_IRQHandler
 .text.DMA2_Stream1_IRQHandler
                0x00000000080023b0       0x14 ./Core/Src/stm32f4xx_it.o
                0x00000000080023b0                DMA2_Stream1_IRQHandler
 .text.OTG_FS_IRQHandler
                0x00000000080023c4       0x14 ./Core/Src/stm32f4xx_it.o
                0x00000000080023c4                OTG_FS_IRQHandler
 .text._sbrk    0x00000000080023d8       0x6c ./Core/Src/sysmem.o
                0x00000000080023d8                _sbrk
 .text.SystemInit
                0x0000000008002444       0x24 ./Core/Src/system_stm32f4xx.o
                0x0000000008002444                SystemInit
 .text.Reset_Handler
                0x0000000008002468       0x50 ./Core/Startup/startup_stm32f439zitx.o
                0x0000000008002468                Reset_Handler
 .text.Default_Handler
                0x00000000080024b8        0x2 ./Core/Startup/startup_stm32f439zitx.o
                0x00000000080024b8                SAI1_IRQHandler
                0x00000000080024b8                HASH_RNG_IRQHandler
                0x00000000080024b8                EXTI2_IRQHandler
                0x00000000080024b8                TIM8_CC_IRQHandler
                0x00000000080024b8                UART8_IRQHandler
                0x00000000080024b8                SPI4_IRQHandler
                0x00000000080024b8                TIM1_CC_IRQHandler
                0x00000000080024b8                DMA2_Stream5_IRQHandler
                0x00000000080024b8                DMA1_Stream5_IRQHandler
                0x00000000080024b8                PVD_IRQHandler
                0x00000000080024b8                SDIO_IRQHandler
                0x00000000080024b8                TAMP_STAMP_IRQHandler
                0x00000000080024b8                CAN2_RX1_IRQHandler
                0x00000000080024b8                EXTI3_IRQHandler
                0x00000000080024b8                TIM8_TRG_COM_TIM14_IRQHandler
                0x00000000080024b8                TIM1_UP_TIM10_IRQHandler
                0x00000000080024b8                TIM8_UP_TIM13_IRQHandler
                0x00000000080024b8                I2C3_ER_IRQHandler
                0x00000000080024b8                EXTI0_IRQHandler
                0x00000000080024b8                I2C2_EV_IRQHandler
                0x00000000080024b8                DMA1_Stream2_IRQHandler
                0x00000000080024b8                CAN1_RX0_IRQHandler
                0x00000000080024b8                FPU_IRQHandler
                0x00000000080024b8                OTG_HS_WKUP_IRQHandler
                0x00000000080024b8                LTDC_ER_IRQHandler
                0x00000000080024b8                CAN2_SCE_IRQHandler
                0x00000000080024b8                DMA2_Stream2_IRQHandler
                0x00000000080024b8                SPI1_IRQHandler
                0x00000000080024b8                TIM6_DAC_IRQHandler
                0x00000000080024b8                TIM1_BRK_TIM9_IRQHandler
                0x00000000080024b8                DCMI_IRQHandler
                0x00000000080024b8                CAN2_RX0_IRQHandler
                0x00000000080024b8                DMA2_Stream3_IRQHandler
                0x00000000080024b8                USART6_IRQHandler
                0x00000000080024b8                USART3_IRQHandler
                0x00000000080024b8                CRYP_IRQHandler
                0x00000000080024b8                CAN1_RX1_IRQHandler
                0x00000000080024b8                UART5_IRQHandler
                0x00000000080024b8                DMA2_Stream0_IRQHandler
                0x00000000080024b8                TIM4_IRQHandler
                0x00000000080024b8                I2C1_EV_IRQHandler
                0x00000000080024b8                DMA1_Stream6_IRQHandler
                0x00000000080024b8                DMA1_Stream1_IRQHandler
                0x00000000080024b8                UART4_IRQHandler
                0x00000000080024b8                TIM3_IRQHandler
                0x00000000080024b8                RCC_IRQHandler
                0x00000000080024b8                TIM8_BRK_TIM12_IRQHandler
                0x00000000080024b8                Default_Handler
                0x00000000080024b8                EXTI15_10_IRQHandler
                0x00000000080024b8                ADC_IRQHandler
                0x00000000080024b8                DMA1_Stream7_IRQHandler
                0x00000000080024b8                SPI5_IRQHandler
                0x00000000080024b8                TIM7_IRQHandler
                0x00000000080024b8                CAN2_TX_IRQHandler
                0x00000000080024b8                TIM5_IRQHandler
                0x00000000080024b8                DMA2_Stream7_IRQHandler
                0x00000000080024b8                I2C3_EV_IRQHandler
                0x00000000080024b8                EXTI9_5_IRQHandler
                0x00000000080024b8                RTC_WKUP_IRQHandler
                0x00000000080024b8                LTDC_IRQHandler
                0x00000000080024b8                ETH_WKUP_IRQHandler
                0x00000000080024b8                SPI2_IRQHandler
                0x00000000080024b8                OTG_HS_EP1_IN_IRQHandler
                0x00000000080024b8                DMA1_Stream0_IRQHandler
                0x00000000080024b8                EXTI4_IRQHandler
                0x00000000080024b8                ETH_IRQHandler
                0x00000000080024b8                OTG_HS_EP1_OUT_IRQHandler
                0x00000000080024b8                WWDG_IRQHandler
                0x00000000080024b8                SPI6_IRQHandler
                0x00000000080024b8                TIM2_IRQHandler
                0x00000000080024b8                OTG_FS_WKUP_IRQHandler
                0x00000000080024b8                TIM1_TRG_COM_TIM11_IRQHandler
                0x00000000080024b8                OTG_HS_IRQHandler
                0x00000000080024b8                DMA2D_IRQHandler
                0x00000000080024b8                EXTI1_IRQHandler
                0x00000000080024b8                UART7_IRQHandler
                0x00000000080024b8                USART2_IRQHandler
                0x00000000080024b8                I2C2_ER_IRQHandler
                0x00000000080024b8                CAN1_SCE_IRQHandler
                0x00000000080024b8                FLASH_IRQHandler
                0x00000000080024b8                DMA2_Stream4_IRQHandler
                0x00000000080024b8                USART1_IRQHandler
                0x00000000080024b8                SPI3_IRQHandler
                0x00000000080024b8                DMA1_Stream4_IRQHandler
                0x00000000080024b8                I2C1_ER_IRQHandler
                0x00000000080024b8                FMC_IRQHandler
                0x00000000080024b8                DMA2_Stream6_IRQHandler
                0x00000000080024b8                RTC_Alarm_IRQHandler
 *fill*         0x00000000080024ba        0x2 
 .text.HAL_Init
                0x00000000080024bc       0x44 ./Drivers/STM32F4xx_HAL_Driver/Src/stm32f4xx_hal.o
                0x00000000080024bc                HAL_Init
 .text.HAL_InitTick
                0x0000000008002500       0x60 ./Drivers/STM32F4xx_HAL_Driver/Src/stm32f4xx_hal.o
                0x0000000008002500                HAL_InitTick
 .text.HAL_IncTick
                0x0000000008002560       0x28 ./Drivers/STM32F4xx_HAL_Driver/Src/stm32f4xx_hal.o
                0x0000000008002560                HAL_IncTick
 .text.HAL_GetTick
                0x0000000008002588       0x18 ./Drivers/STM32F4xx_HAL_Driver/Src/stm32f4xx_hal.o
                0x0000000008002588                HAL_GetTick
 .text.HAL_Delay
                0x00000000080025a0       0x48 ./Drivers/STM32F4xx_HAL_Driver/Src/stm32f4xx_hal.o
                0x00000000080025a0                HAL_Delay
 .text.HAL_CAN_Init
                0x00000000080025e8      0x1f6 ./Drivers/STM32F4xx_HAL_Driver/Src/stm32f4xx_hal_can.o
                0x00000000080025e8                HAL_CAN_Init
 *fill*         0x00000000080027de        0x2 
 .text.HAL_CAN_ConfigFilter
                0x00000000080027e0      0x1c0 ./Drivers/STM32F4xx_HAL_Driver/Src/stm32f4xx_hal_can.o
                0x00000000080027e0                HAL_CAN_ConfigFilter
 .text.HAL_CAN_Start
                0x00000000080029a0       0x88 ./Drivers/STM32F4xx_HAL_Driver/Src/stm32f4xx_hal_can.o
                0x00000000080029a0                HAL_CAN_Start
 .text.HAL_CAN_AddTxMessage
                0x0000000008002a28      0x1a0 ./Drivers/STM32F4xx_HAL_Driver/Src/stm32f4xx_hal_can.o
                0x0000000008002a28                HAL_CAN_AddTxMessage
 .text.HAL_CAN_GetTxMailboxesFreeLevel
                0x0000000008002bc8       0x6a ./Drivers/STM32F4xx_HAL_Driver/Src/stm32f4xx_hal_can.o
                0x0000000008002bc8                HAL_CAN_GetTxMailboxesFreeLevel
 .text.HAL_CAN_ActivateNotification
                0x0000000008002c32       0x4c ./Drivers/STM32F4xx_HAL_Driver/Src/stm32f4xx_hal_can.o
                0x0000000008002c32                HAL_CAN_ActivateNotification
 .text.HAL_CAN_IRQHandler
                0x0000000008002c7e      0x36e ./Drivers/STM32F4xx_HAL_Driver/Src/stm32f4xx_hal_can.o
                0x0000000008002c7e                HAL_CAN_IRQHandler
 .text.HAL_CAN_TxMailbox0CompleteCallback
                0x0000000008002fec       0x14 ./Drivers/STM32F4xx_HAL_Driver/Src/stm32f4xx_hal_can.o
                0x0000000008002fec                HAL_CAN_TxMailbox0CompleteCallback
 .text.HAL_CAN_TxMailbox2CompleteCallback
                0x0000000008003000       0x14 ./Drivers/STM32F4xx_HAL_Driver/Src/stm32f4xx_hal_can.o
                0x0000000008003000                HAL_CAN_TxMailbox2CompleteCallback
 .text.HAL_CAN_TxMailbox0AbortCallback
                0x0000000008003014       0x14 ./Drivers/STM32F4xx_HAL_Driver/Src/stm32f4xx_hal_can.o
                0x0000000008003014                HAL_CAN_TxMailbox0AbortCallback
 .text.HAL_CAN_TxMailbox1AbortCallback
                0x0000000008003028       0x14 ./Drivers/STM32F4xx_HAL_Driver/Src/stm32f4xx_hal_can.o
                0x0000000008003028                HAL_CAN_TxMailbox1AbortCallback
 .text.HAL_CAN_TxMailbox2AbortCallback
                0x000000000800303c       0x14 ./Drivers/STM32F4xx_HAL_Driver/Src/stm32f4xx_hal_can.o
                0x000000000800303c                HAL_CAN_TxMailbox2AbortCallback
 .text.HAL_CAN_RxFifo0MsgPendingCallback
                0x0000000008003050       0x14 ./Drivers/STM32F4xx_HAL_Driver/Src/stm32f4xx_hal_can.o
                0x0000000008003050                HAL_CAN_RxFifo0MsgPendingCallback
 .text.HAL_CAN_RxFifo0FullCallback
                0x0000000008003064       0x14 ./Drivers/STM32F4xx_HAL_Driver/Src/stm32f4xx_hal_can.o
                0x0000000008003064                HAL_CAN_RxFifo0FullCallback
 .text.HAL_CAN_RxFifo1MsgPendingCallback
                0x0000000008003078       0x14 ./Drivers/STM32F4xx_HAL_Driver/Src/stm32f4xx_hal_can.o
                0x0000000008003078                HAL_CAN_RxFifo1MsgPendingCallback
 .text.HAL_CAN_RxFifo1FullCallback
                0x000000000800308c       0x14 ./Drivers/STM32F4xx_HAL_Driver/Src/stm32f4xx_hal_can.o
                0x000000000800308c                HAL_CAN_RxFifo1FullCallback
 .text.HAL_CAN_SleepCallback
                0x00000000080030a0       0x14 ./Drivers/STM32F4xx_HAL_Driver/Src/stm32f4xx_hal_can.o
                0x00000000080030a0                HAL_CAN_SleepCallback
 .text.HAL_CAN_WakeUpFromRxMsgCallback
                0x00000000080030b4       0x14 ./Drivers/STM32F4xx_HAL_Driver/Src/stm32f4xx_hal_can.o
                0x00000000080030b4                HAL_CAN_WakeUpFromRxMsgCallback
 .text.HAL_CAN_ErrorCallback
                0x00000000080030c8       0x14 ./Drivers/STM32F4xx_HAL_Driver/Src/stm32f4xx_hal_can.o
                0x00000000080030c8                HAL_CAN_ErrorCallback
 .text.__NVIC_SetPriorityGrouping
                0x00000000080030dc       0x48 ./Drivers/STM32F4xx_HAL_Driver/Src/stm32f4xx_hal_cortex.o
 .text.__NVIC_GetPriorityGrouping
                0x0000000008003124       0x1c ./Drivers/STM32F4xx_HAL_Driver/Src/stm32f4xx_hal_cortex.o
 .text.__NVIC_EnableIRQ
                0x0000000008003140       0x3c ./Drivers/STM32F4xx_HAL_Driver/Src/stm32f4xx_hal_cortex.o
 .text.__NVIC_SetPriority
                0x000000000800317c       0x54 ./Drivers/STM32F4xx_HAL_Driver/Src/stm32f4xx_hal_cortex.o
 .text.NVIC_EncodePriority
                0x00000000080031d0       0x66 ./Drivers/STM32F4xx_HAL_Driver/Src/stm32f4xx_hal_cortex.o
 *fill*         0x0000000008003236        0x2 
 .text.SysTick_Config
                0x0000000008003238       0x44 ./Drivers/STM32F4xx_HAL_Driver/Src/stm32f4xx_hal_cortex.o
 .text.HAL_NVIC_SetPriorityGrouping
                0x000000000800327c       0x16 ./Drivers/STM32F4xx_HAL_Driver/Src/stm32f4xx_hal_cortex.o
                0x000000000800327c                HAL_NVIC_SetPriorityGrouping
 .text.HAL_NVIC_SetPriority
                0x0000000008003292       0x38 ./Drivers/STM32F4xx_HAL_Driver/Src/stm32f4xx_hal_cortex.o
                0x0000000008003292                HAL_NVIC_SetPriority
 .text.HAL_NVIC_EnableIRQ
                0x00000000080032ca       0x1c ./Drivers/STM32F4xx_HAL_Driver/Src/stm32f4xx_hal_cortex.o
                0x00000000080032ca                HAL_NVIC_EnableIRQ
 .text.HAL_SYSTICK_Config
                0x00000000080032e6       0x18 ./Drivers/STM32F4xx_HAL_Driver/Src/stm32f4xx_hal_cortex.o
                0x00000000080032e6                HAL_SYSTICK_Config
 *fill*         0x00000000080032fe        0x2 
 .text.HAL_DMA_Init
                0x0000000008003300      0x15c ./Drivers/STM32F4xx_HAL_Driver/Src/stm32f4xx_hal_dma.o
                0x0000000008003300                HAL_DMA_Init
 .text.HAL_DMA_Start_IT
                0x000000000800345c       0xb0 ./Drivers/STM32F4xx_HAL_Driver/Src/stm32f4xx_hal_dma.o
                0x000000000800345c                HAL_DMA_Start_IT
 .text.HAL_DMA_IRQHandler
                0x000000000800350c      0x314 ./Drivers/STM32F4xx_HAL_Driver/Src/stm32f4xx_hal_dma.o
                0x000000000800350c                HAL_DMA_IRQHandler
 .text.DMA_SetConfig
                0x0000000008003820       0x5c ./Drivers/STM32F4xx_HAL_Driver/Src/stm32f4xx_hal_dma.o
 .text.DMA_CalcBaseAndBitshift
                0x000000000800387c       0x6c ./Drivers/STM32F4xx_HAL_Driver/Src/stm32f4xx_hal_dma.o
 .text.DMA_CheckFifoParam
                0x00000000080038e8       0xf8 ./Drivers/STM32F4xx_HAL_Driver/Src/stm32f4xx_hal_dma.o
 .text.HAL_GPIO_Init
                0x00000000080039e0      0x358 ./Drivers/STM32F4xx_HAL_Driver/Src/stm32f4xx_hal_gpio.o
                0x00000000080039e0                HAL_GPIO_Init
 .text.HAL_GPIO_WritePin
                0x0000000008003d38       0x32 ./Drivers/STM32F4xx_HAL_Driver/Src/stm32f4xx_hal_gpio.o
                0x0000000008003d38                HAL_GPIO_WritePin
 .text.HAL_GPIO_TogglePin
                0x0000000008003d6a       0x34 ./Drivers/STM32F4xx_HAL_Driver/Src/stm32f4xx_hal_gpio.o
                0x0000000008003d6a                HAL_GPIO_TogglePin
 .text.HAL_HCD_Init
                0x0000000008003d9e       0xce ./Drivers/STM32F4xx_HAL_Driver/Src/stm32f4xx_hal_hcd.o
                0x0000000008003d9e                HAL_HCD_Init
 .text.HAL_HCD_HC_Init
                0x0000000008003e6c      0x170 ./Drivers/STM32F4xx_HAL_Driver/Src/stm32f4xx_hal_hcd.o
                0x0000000008003e6c                HAL_HCD_HC_Init
 .text.HAL_HCD_HC_Halt
                0x0000000008003fdc       0x46 ./Drivers/STM32F4xx_HAL_Driver/Src/stm32f4xx_hal_hcd.o
                0x0000000008003fdc                HAL_HCD_HC_Halt
 *fill*         0x0000000008004022        0x2 
 .text.HAL_HCD_HC_SubmitRequest
                0x0000000008004024      0x33c ./Drivers/STM32F4xx_HAL_Driver/Src/stm32f4xx_hal_hcd.o
                0x0000000008004024                HAL_HCD_HC_SubmitRequest
 .text.HAL_HCD_IRQHandler
                0x0000000008004360      0x220 ./Drivers/STM32F4xx_HAL_Driver/Src/stm32f4xx_hal_hcd.o
                0x0000000008004360                HAL_HCD_IRQHandler
 .text.HAL_HCD_Start
                0x0000000008004580       0x46 ./Drivers/STM32F4xx_HAL_Driver/Src/stm32f4xx_hal_hcd.o
                0x0000000008004580                HAL_HCD_Start
 .text.HAL_HCD_Stop
                0x00000000080045c6       0x3a ./Drivers/STM32F4xx_HAL_Driver/Src/stm32f4xx_hal_hcd.o
                0x00000000080045c6                HAL_HCD_Stop
 .text.HAL_HCD_ResetPort
                0x0000000008004600       0x1c ./Drivers/STM32F4xx_HAL_Driver/Src/stm32f4xx_hal_hcd.o
                0x0000000008004600                HAL_HCD_ResetPort
 .text.HAL_HCD_HC_GetURBState
                0x000000000800461c       0x2a ./Drivers/STM32F4xx_HAL_Driver/Src/stm32f4xx_hal_hcd.o
                0x000000000800461c                HAL_HCD_HC_GetURBState
 .text.HAL_HCD_HC_GetXferCount
                0x0000000008004646       0x2a ./Drivers/STM32F4xx_HAL_Driver/Src/stm32f4xx_hal_hcd.o
                0x0000000008004646                HAL_HCD_HC_GetXferCount
 .text.HAL_HCD_GetCurrentFrame
                0x0000000008004670       0x1c ./Drivers/STM32F4xx_HAL_Driver/Src/stm32f4xx_hal_hcd.o
                0x0000000008004670                HAL_HCD_GetCurrentFrame
 .text.HAL_HCD_GetCurrentSpeed
                0x000000000800468c       0x1c ./Drivers/STM32F4xx_HAL_Driver/Src/stm32f4xx_hal_hcd.o
                0x000000000800468c                HAL_HCD_GetCurrentSpeed
 .text.HAL_HCD_HC_ClearHubInfo
                0x00000000080046a8       0x6a ./Drivers/STM32F4xx_HAL_Driver/Src/stm32f4xx_hal_hcd.o
                0x00000000080046a8                HAL_HCD_HC_ClearHubInfo
 .text.HCD_HC_IN_IRQHandler
                0x0000000008004712      0xcd2 ./Drivers/STM32F4xx_HAL_Driver/Src/stm32f4xx_hal_hcd.o
 .text.HCD_HC_OUT_IRQHandler
                0x00000000080053e4      0x94a ./Drivers/STM32F4xx_HAL_Driver/Src/stm32f4xx_hal_hcd.o
 .text.HCD_RXQLVL_IRQHandler
                0x0000000008005d2e      0x1be ./Drivers/STM32F4xx_HAL_Driver/Src/stm32f4xx_hal_hcd.o
 .text.HCD_Port_IRQHandler
                0x0000000008005eec       0xe6 ./Drivers/STM32F4xx_HAL_Driver/Src/stm32f4xx_hal_hcd.o
 *fill*         0x0000000008005fd2        0x2 
 .text.HAL_RCC_OscConfig
                0x0000000008005fd4      0x4f0 ./Drivers/STM32F4xx_HAL_Driver/Src/stm32f4xx_hal_rcc.o
                0x0000000008005fd4                HAL_RCC_OscConfig
 .text.HAL_RCC_ClockConfig
                0x00000000080064c4      0x1cc ./Drivers/STM32F4xx_HAL_Driver/Src/stm32f4xx_hal_rcc.o
                0x00000000080064c4                HAL_RCC_ClockConfig
 .text.HAL_RCC_GetSysClockFreq
                0x0000000008006690      0x20c ./Drivers/STM32F4xx_HAL_Driver/Src/stm32f4xx_hal_rcc.o
                0x0000000008006690                HAL_RCC_GetSysClockFreq
 .text.HAL_RCC_GetHCLKFreq
                0x000000000800689c       0x18 ./Drivers/STM32F4xx_HAL_Driver/Src/stm32f4xx_hal_rcc.o
                0x000000000800689c                HAL_RCC_GetHCLKFreq
 .text.HAL_RCC_GetPCLK1Freq
                0x00000000080068b4       0x28 ./Drivers/STM32F4xx_HAL_Driver/Src/stm32f4xx_hal_rcc.o
                0x00000000080068b4                HAL_RCC_GetPCLK1Freq
 .text.HAL_RCC_GetPCLK2Freq
                0x00000000080068dc       0x28 ./Drivers/STM32F4xx_HAL_Driver/Src/stm32f4xx_hal_rcc.o
                0x00000000080068dc                HAL_RCC_GetPCLK2Freq
 .text.HAL_UART_Init
                0x0000000008006904       0xa0 ./Drivers/STM32F4xx_HAL_Driver/Src/stm32f4xx_hal_uart.o
                0x0000000008006904                HAL_UART_Init
 .text.HAL_UART_Transmit
                0x00000000080069a4      0x116 ./Drivers/STM32F4xx_HAL_Driver/Src/stm32f4xx_hal_uart.o
                0x00000000080069a4                HAL_UART_Transmit
 .text.HAL_UART_Receive
                0x0000000008006aba      0x12e ./Drivers/STM32F4xx_HAL_Driver/Src/stm32f4xx_hal_uart.o
                0x0000000008006aba                HAL_UART_Receive
 .text.HAL_UART_Receive_DMA
                0x0000000008006be8       0x4a ./Drivers/STM32F4xx_HAL_Driver/Src/stm32f4xx_hal_uart.o
                0x0000000008006be8                HAL_UART_Receive_DMA
 .text.HAL_UART_RxHalfCpltCallback
                0x0000000008006c32       0x14 ./Drivers/STM32F4xx_HAL_Driver/Src/stm32f4xx_hal_uart.o
                0x0000000008006c32                HAL_UART_RxHalfCpltCallback
 .text.HAL_UART_ErrorCallback
                0x0000000008006c46       0x14 ./Drivers/STM32F4xx_HAL_Driver/Src/stm32f4xx_hal_uart.o
                0x0000000008006c46                HAL_UART_ErrorCallback
 .text.HAL_UARTEx_RxEventCallback
                0x0000000008006c5a       0x18 ./Drivers/STM32F4xx_HAL_Driver/Src/stm32f4xx_hal_uart.o
                0x0000000008006c5a                HAL_UARTEx_RxEventCallback
 .text.UART_DMAReceiveCplt
                0x0000000008006c72      0x12c ./Drivers/STM32F4xx_HAL_Driver/Src/stm32f4xx_hal_uart.o
 .text.UART_DMARxHalfCplt
                0x0000000008006d9e       0x3c ./Drivers/STM32F4xx_HAL_Driver/Src/stm32f4xx_hal_uart.o
 .text.UART_DMAError
                0x0000000008006dda       0x94 ./Drivers/STM32F4xx_HAL_Driver/Src/stm32f4xx_hal_uart.o
 .text.UART_WaitOnFlagUntilTimeout
                0x0000000008006e6e       0xb2 ./Drivers/STM32F4xx_HAL_Driver/Src/stm32f4xx_hal_uart.o
 .text.UART_Start_Receive_DMA
                0x0000000008006f20      0x134 ./Drivers/STM32F4xx_HAL_Driver/Src/stm32f4xx_hal_uart.o
                0x0000000008006f20                UART_Start_Receive_DMA
 .text.UART_EndTxTransfer
                0x0000000008007054       0x50 ./Drivers/STM32F4xx_HAL_Driver/Src/stm32f4xx_hal_uart.o
 .text.UART_EndRxTransfer
                0x00000000080070a4       0xc6 ./Drivers/STM32F4xx_HAL_Driver/Src/stm32f4xx_hal_uart.o
 *fill*         0x000000000800716a        0x2 
 .text.UART_SetConfig
                0x000000000800716c      0x4e8 ./Drivers/STM32F4xx_HAL_Driver/Src/stm32f4xx_hal_uart.o
 .text.USB_CoreInit
                0x0000000008007654       0xc8 ./Drivers/STM32F4xx_HAL_Driver/Src/stm32f4xx_ll_usb.o
                0x0000000008007654                USB_CoreInit
 .text.USB_EnableGlobalInt
                0x000000000800771c       0x22 ./Drivers/STM32F4xx_HAL_Driver/Src/stm32f4xx_ll_usb.o
                0x000000000800771c                USB_EnableGlobalInt
 .text.USB_DisableGlobalInt
                0x000000000800773e       0x22 ./Drivers/STM32F4xx_HAL_Driver/Src/stm32f4xx_ll_usb.o
                0x000000000800773e                USB_DisableGlobalInt
 .text.USB_SetCurrentMode
                0x0000000008007760       0x98 ./Drivers/STM32F4xx_HAL_Driver/Src/stm32f4xx_ll_usb.o
                0x0000000008007760                USB_SetCurrentMode
 .text.USB_FlushTxFifo
                0x00000000080077f8       0x64 ./Drivers/STM32F4xx_HAL_Driver/Src/stm32f4xx_ll_usb.o
                0x00000000080077f8                USB_FlushTxFifo
 .text.USB_FlushRxFifo
                0x000000000800785c       0x5c ./Drivers/STM32F4xx_HAL_Driver/Src/stm32f4xx_ll_usb.o
                0x000000000800785c                USB_FlushRxFifo
 .text.USB_WritePacket
                0x00000000080078b8       0x7c ./Drivers/STM32F4xx_HAL_Driver/Src/stm32f4xx_ll_usb.o
                0x00000000080078b8                USB_WritePacket
 .text.USB_ReadPacket
                0x0000000008007934       0xb0 ./Drivers/STM32F4xx_HAL_Driver/Src/stm32f4xx_ll_usb.o
                0x0000000008007934                USB_ReadPacket
 .text.USB_ReadInterrupts
                0x00000000080079e4       0x26 ./Drivers/STM32F4xx_HAL_Driver/Src/stm32f4xx_ll_usb.o
                0x00000000080079e4                USB_ReadInterrupts
 .text.USB_ReadChInterrupts
                0x0000000008007a0a       0x42 ./Drivers/STM32F4xx_HAL_Driver/Src/stm32f4xx_ll_usb.o
                0x0000000008007a0a                USB_ReadChInterrupts
 .text.USB_GetMode
                0x0000000008007a4c       0x1c ./Drivers/STM32F4xx_HAL_Driver/Src/stm32f4xx_ll_usb.o
                0x0000000008007a4c                USB_GetMode
 .text.USB_CoreReset
                0x0000000008007a68       0x62 ./Drivers/STM32F4xx_HAL_Driver/Src/stm32f4xx_ll_usb.o
 *fill*         0x0000000008007aca        0x2 
 .text.USB_HostInit
                0x0000000008007acc      0x188 ./Drivers/STM32F4xx_HAL_Driver/Src/stm32f4xx_ll_usb.o
                0x0000000008007acc                USB_HostInit
 .text.USB_InitFSLSPClkSel
                0x0000000008007c54       0x7a ./Drivers/STM32F4xx_HAL_Driver/Src/stm32f4xx_ll_usb.o
                0x0000000008007c54                USB_InitFSLSPClkSel
 .text.USB_ResetPort
                0x0000000008007cce       0x54 ./Drivers/STM32F4xx_HAL_Driver/Src/stm32f4xx_ll_usb.o
                0x0000000008007cce                USB_ResetPort
 .text.USB_DriveVbus
                0x0000000008007d22       0x72 ./Drivers/STM32F4xx_HAL_Driver/Src/stm32f4xx_ll_usb.o
                0x0000000008007d22                USB_DriveVbus
 .text.USB_GetHostSpeed
                0x0000000008007d94       0x2e ./Drivers/STM32F4xx_HAL_Driver/Src/stm32f4xx_ll_usb.o
                0x0000000008007d94                USB_GetHostSpeed
 .text.USB_GetCurrentFrame
                0x0000000008007dc2       0x22 ./Drivers/STM32F4xx_HAL_Driver/Src/stm32f4xx_ll_usb.o
                0x0000000008007dc2                USB_GetCurrentFrame
 .text.USB_HC_Init
                0x0000000008007de4      0x258 ./Drivers/STM32F4xx_HAL_Driver/Src/stm32f4xx_ll_usb.o
                0x0000000008007de4                USB_HC_Init
 .text.USB_HC_StartXfer
                0x000000000800803c      0x4f4 ./Drivers/STM32F4xx_HAL_Driver/Src/stm32f4xx_ll_usb.o
                0x000000000800803c                USB_HC_StartXfer
 .text.USB_HC_ReadInterrupt
                0x0000000008008530       0x22 ./Drivers/STM32F4xx_HAL_Driver/Src/stm32f4xx_ll_usb.o
                0x0000000008008530                USB_HC_ReadInterrupt
 .text.USB_HC_Halt
                0x0000000008008552      0x240 ./Drivers/STM32F4xx_HAL_Driver/Src/stm32f4xx_ll_usb.o
                0x0000000008008552                USB_HC_Halt
 *fill*         0x0000000008008792        0x2 
 .text.USB_DoPing
                0x0000000008008794       0x78 ./Drivers/STM32F4xx_HAL_Driver/Src/stm32f4xx_ll_usb.o
                0x0000000008008794                USB_DoPing
 .text.USB_StopHost
                0x000000000800880c      0x124 ./Drivers/STM32F4xx_HAL_Driver/Src/stm32f4xx_ll_usb.o
                0x000000000800880c                USB_StopHost
 .text.USBH_CDC_InterfaceInit
                0x0000000008008930      0x2ac ./Middlewares/ST/STM32_USB_Host_Library/Class/CDC/Src/usbh_cdc.o
 .text.USBH_CDC_InterfaceDeInit
                0x0000000008008bdc       0xb2 ./Middlewares/ST/STM32_USB_Host_Library/Class/CDC/Src/usbh_cdc.o
 .text.USBH_CDC_ClassRequest
                0x0000000008008c8e       0x3e ./Middlewares/ST/STM32_USB_Host_Library/Class/CDC/Src/usbh_cdc.o
 .text.USBH_CDC_Process
                0x0000000008008ccc      0x12c ./Middlewares/ST/STM32_USB_Host_Library/Class/CDC/Src/usbh_cdc.o
 .text.USBH_CDC_SOFProcess
                0x0000000008008df8       0x16 ./Middlewares/ST/STM32_USB_Host_Library/Class/CDC/Src/usbh_cdc.o
 .text.USBH_CDC_Stop
                0x0000000008008e0e       0x52 ./Middlewares/ST/STM32_USB_Host_Library/Class/CDC/Src/usbh_cdc.o
                0x0000000008008e0e                USBH_CDC_Stop
 .text.GetLineCoding
                0x0000000008008e60       0x3e ./Middlewares/ST/STM32_USB_Host_Library/Class/CDC/Src/usbh_cdc.o
 .text.SetLineCoding
                0x0000000008008e9e       0x3e ./Middlewares/ST/STM32_USB_Host_Library/Class/CDC/Src/usbh_cdc.o
 .text.USBH_CDC_Receive
                0x0000000008008edc       0x78 ./Middlewares/ST/STM32_USB_Host_Library/Class/CDC/Src/usbh_cdc.o
                0x0000000008008edc                USBH_CDC_Receive
 .text.CDC_ProcessTransmission
                0x0000000008008f54       0xec ./Middlewares/ST/STM32_USB_Host_Library/Class/CDC/Src/usbh_cdc.o
 .text.CDC_ProcessReception
                0x0000000008009040       0xb6 ./Middlewares/ST/STM32_USB_Host_Library/Class/CDC/Src/usbh_cdc.o
 .text.USBH_CDC_TransmitCallback
                0x00000000080090f6       0x14 ./Middlewares/ST/STM32_USB_Host_Library/Class/CDC/Src/usbh_cdc.o
                0x00000000080090f6                USBH_CDC_TransmitCallback
 .text.USBH_CDC_ReceiveCallback
                0x000000000800910a       0x14 ./Middlewares/ST/STM32_USB_Host_Library/Class/CDC/Src/usbh_cdc.o
                0x000000000800910a                USBH_CDC_ReceiveCallback
 .text.USBH_CDC_LineCodingChanged
                0x000000000800911e       0x14 ./Middlewares/ST/STM32_USB_Host_Library/Class/CDC/Src/usbh_cdc.o
                0x000000000800911e                USBH_CDC_LineCodingChanged
 .text.USBH_Init
                0x0000000008009132       0x74 ./Middlewares/ST/STM32_USB_Host_Library/Core/Src/usbh_core.o
                0x0000000008009132                USBH_Init
 .text.DeInitStateMachine
                0x00000000080091a6       0xe6 ./Middlewares/ST/STM32_USB_Host_Library/Core/Src/usbh_core.o
 .text.USBH_RegisterClass
                0x000000000800928c       0x54 ./Middlewares/ST/STM32_USB_Host_Library/Core/Src/usbh_core.o
                0x000000000800928c                USBH_RegisterClass
 .text.USBH_SelectInterface
                0x00000000080092e0       0x38 ./Middlewares/ST/STM32_USB_Host_Library/Core/Src/usbh_core.o
                0x00000000080092e0                USBH_SelectInterface
 .text.USBH_FindInterface
                0x0000000008009318       0x8c ./Middlewares/ST/STM32_USB_Host_Library/Core/Src/usbh_core.o
                0x0000000008009318                USBH_FindInterface
 .text.USBH_Start
                0x00000000080093a4       0x20 ./Middlewares/ST/STM32_USB_Host_Library/Core/Src/usbh_core.o
                0x00000000080093a4                USBH_Start
 .text.USBH_Process
                0x00000000080093c4      0x3d8 ./Middlewares/ST/STM32_USB_Host_Library/Core/Src/usbh_core.o
                0x00000000080093c4                USBH_Process
 .text.USBH_HandleEnum
                0x000000000800979c      0x3c8 ./Middlewares/ST/STM32_USB_Host_Library/Core/Src/usbh_core.o
 .text.USBH_LL_SetTimer
                0x0000000008009b64       0x1e ./Middlewares/ST/STM32_USB_Host_Library/Core/Src/usbh_core.o
                0x0000000008009b64                USBH_LL_SetTimer
 .text.USBH_LL_IncTimer
                0x0000000008009b82       0x24 ./Middlewares/ST/STM32_USB_Host_Library/Core/Src/usbh_core.o
                0x0000000008009b82                USBH_LL_IncTimer
 .text.USBH_HandleSof
                0x0000000008009ba6       0x30 ./Middlewares/ST/STM32_USB_Host_Library/Core/Src/usbh_core.o
 .text.USBH_LL_PortEnabled
                0x0000000008009bd6       0x1c ./Middlewares/ST/STM32_USB_Host_Library/Core/Src/usbh_core.o
                0x0000000008009bd6                USBH_LL_PortEnabled
 .text.USBH_LL_PortDisabled
                0x0000000008009bf2       0x1c ./Middlewares/ST/STM32_USB_Host_Library/Core/Src/usbh_core.o
                0x0000000008009bf2                USBH_LL_PortDisabled
 .text.USBH_LL_Connect
                0x0000000008009c0e       0x2e ./Middlewares/ST/STM32_USB_Host_Library/Core/Src/usbh_core.o
                0x0000000008009c0e                USBH_LL_Connect
 .text.USBH_LL_Disconnect
                0x0000000008009c3c       0x48 ./Middlewares/ST/STM32_USB_Host_Library/Core/Src/usbh_core.o
                0x0000000008009c3c                USBH_LL_Disconnect
 .text.USBH_Get_DevDesc
                0x0000000008009c84       0x58 ./Middlewares/ST/STM32_USB_Host_Library/Core/Src/usbh_ctlreq.o
                0x0000000008009c84                USBH_Get_DevDesc
 .text.USBH_Get_CfgDesc
                0x0000000008009cdc       0x54 ./Middlewares/ST/STM32_USB_Host_Library/Core/Src/usbh_ctlreq.o
                0x0000000008009cdc                USBH_Get_CfgDesc
 .text.USBH_Get_StringDesc
                0x0000000008009d30       0x68 ./Middlewares/ST/STM32_USB_Host_Library/Core/Src/usbh_ctlreq.o
                0x0000000008009d30                USBH_Get_StringDesc
 .text.USBH_GetDescriptor
                0x0000000008009d98       0x6a ./Middlewares/ST/STM32_USB_Host_Library/Core/Src/usbh_ctlreq.o
                0x0000000008009d98                USBH_GetDescriptor
 .text.USBH_SetAddress
                0x0000000008009e02       0x48 ./Middlewares/ST/STM32_USB_Host_Library/Core/Src/usbh_ctlreq.o
                0x0000000008009e02                USBH_SetAddress
 .text.USBH_SetCfg
                0x0000000008009e4a       0x46 ./Middlewares/ST/STM32_USB_Host_Library/Core/Src/usbh_ctlreq.o
                0x0000000008009e4a                USBH_SetCfg
 .text.USBH_SetFeature
                0x0000000008009e90       0x48 ./Middlewares/ST/STM32_USB_Host_Library/Core/Src/usbh_ctlreq.o
                0x0000000008009e90                USBH_SetFeature
 .text.USBH_ClrFeature
                0x0000000008009ed8       0x48 ./Middlewares/ST/STM32_USB_Host_Library/Core/Src/usbh_ctlreq.o
                0x0000000008009ed8                USBH_ClrFeature
 .text.USBH_ParseDevDesc
                0x0000000008009f20      0x168 ./Middlewares/ST/STM32_USB_Host_Library/Core/Src/usbh_ctlreq.o
 .text.USBH_ParseCfgDesc
                0x000000000800a088      0x1f2 ./Middlewares/ST/STM32_USB_Host_Library/Core/Src/usbh_ctlreq.o
 .text.USBH_ParseInterfaceDesc
                0x000000000800a27a       0x68 ./Middlewares/ST/STM32_USB_Host_Library/Core/Src/usbh_ctlreq.o
 .text.USBH_ParseEPDesc
                0x000000000800a2e2      0x1d2 ./Middlewares/ST/STM32_USB_Host_Library/Core/Src/usbh_ctlreq.o
 .text.USBH_ParseStringDesc
                0x000000000800a4b4       0x66 ./Middlewares/ST/STM32_USB_Host_Library/Core/Src/usbh_ctlreq.o
 .text.USBH_GetNextDesc
                0x000000000800a51a       0x36 ./Middlewares/ST/STM32_USB_Host_Library/Core/Src/usbh_ctlreq.o
                0x000000000800a51a                USBH_GetNextDesc
 .text.USBH_CtlReq
                0x000000000800a550       0x7a ./Middlewares/ST/STM32_USB_Host_Library/Core/Src/usbh_ctlreq.o
                0x000000000800a550                USBH_CtlReq
 *fill*         0x000000000800a5ca        0x2 
 .text.USBH_HandleControl
                0x000000000800a5cc      0x2e8 ./Middlewares/ST/STM32_USB_Host_Library/Core/Src/usbh_ctlreq.o
 .text.USBH_CtlSendSetup
                0x000000000800a8b4       0x34 ./Middlewares/ST/STM32_USB_Host_Library/Core/Src/usbh_ioreq.o
                0x000000000800a8b4                USBH_CtlSendSetup
 .text.USBH_CtlSendData
                0x000000000800a8e8       0x4a ./Middlewares/ST/STM32_USB_Host_Library/Core/Src/usbh_ioreq.o
                0x000000000800a8e8                USBH_CtlSendData
 .text.USBH_CtlReceiveData
                0x000000000800a932       0x3c ./Middlewares/ST/STM32_USB_Host_Library/Core/Src/usbh_ioreq.o
                0x000000000800a932                USBH_CtlReceiveData
 .text.USBH_BulkSendData
                0x000000000800a96e       0x4a ./Middlewares/ST/STM32_USB_Host_Library/Core/Src/usbh_ioreq.o
                0x000000000800a96e                USBH_BulkSendData
 .text.USBH_BulkReceiveData
                0x000000000800a9b8       0x3c ./Middlewares/ST/STM32_USB_Host_Library/Core/Src/usbh_ioreq.o
                0x000000000800a9b8                USBH_BulkReceiveData
 .text.USBH_OpenPipe
                0x000000000800a9f4       0x3e ./Middlewares/ST/STM32_USB_Host_Library/Core/Src/usbh_pipes.o
                0x000000000800a9f4                USBH_OpenPipe
 .text.USBH_ClosePipe
                0x000000000800aa32       0x20 ./Middlewares/ST/STM32_USB_Host_Library/Core/Src/usbh_pipes.o
                0x000000000800aa32                USBH_ClosePipe
 .text.USBH_AllocPipe
                0x000000000800aa52       0x42 ./Middlewares/ST/STM32_USB_Host_Library/Core/Src/usbh_pipes.o
                0x000000000800aa52                USBH_AllocPipe
 .text.USBH_FreePipe
                0x000000000800aa94       0x3c ./Middlewares/ST/STM32_USB_Host_Library/Core/Src/usbh_pipes.o
                0x000000000800aa94                USBH_FreePipe
 .text.USBH_GetFreePipe
                0x000000000800aad0       0x48 ./Middlewares/ST/STM32_USB_Host_Library/Core/Src/usbh_pipes.o
 .text.MX_USB_HOST_Init
                0x000000000800ab18       0x4c ./USB_HOST/App/usb_host.o
                0x000000000800ab18                MX_USB_HOST_Init
 .text.MX_USB_HOST_Process
                0x000000000800ab64       0x14 ./USB_HOST/App/usb_host.o
                0x000000000800ab64                MX_USB_HOST_Process
 .text.USBH_UserProcess
                0x000000000800ab78       0x7c ./USB_HOST/App/usb_host.o
 .text.HAL_HCD_MspInit
                0x000000000800abf4       0xc4 ./USB_HOST/Target/usbh_conf.o
                0x000000000800abf4                HAL_HCD_MspInit
 .text.HAL_HCD_SOF_Callback
                0x000000000800acb8       0x1c ./USB_HOST/Target/usbh_conf.o
                0x000000000800acb8                HAL_HCD_SOF_Callback
 .text.HAL_HCD_Connect_Callback
                0x000000000800acd4       0x1c ./USB_HOST/Target/usbh_conf.o
                0x000000000800acd4                HAL_HCD_Connect_Callback
 .text.HAL_HCD_Disconnect_Callback
                0x000000000800acf0       0x1c ./USB_HOST/Target/usbh_conf.o
                0x000000000800acf0                HAL_HCD_Disconnect_Callback
 .text.HAL_HCD_HC_NotifyURBChange_Callback
                0x000000000800ad0c       0x1c ./USB_HOST/Target/usbh_conf.o
                0x000000000800ad0c                HAL_HCD_HC_NotifyURBChange_Callback
 .text.HAL_HCD_PortEnabled_Callback
                0x000000000800ad28       0x1c ./USB_HOST/Target/usbh_conf.o
                0x000000000800ad28                HAL_HCD_PortEnabled_Callback
 .text.HAL_HCD_PortDisabled_Callback
                0x000000000800ad44       0x1c ./USB_HOST/Target/usbh_conf.o
                0x000000000800ad44                HAL_HCD_PortDisabled_Callback
 .text.USBH_LL_Init
                0x000000000800ad60       0x78 ./USB_HOST/Target/usbh_conf.o
                0x000000000800ad60                USBH_LL_Init
 .text.USBH_LL_Start
                0x000000000800add8       0x36 ./USB_HOST/Target/usbh_conf.o
                0x000000000800add8                USBH_LL_Start
 .text.USBH_LL_Stop
                0x000000000800ae0e       0x36 ./USB_HOST/Target/usbh_conf.o
                0x000000000800ae0e                USBH_LL_Stop
 .text.USBH_LL_GetSpeed
                0x000000000800ae44       0x4e ./USB_HOST/Target/usbh_conf.o
                0x000000000800ae44                USBH_LL_GetSpeed
 .text.USBH_LL_ResetPort
                0x000000000800ae92       0x36 ./USB_HOST/Target/usbh_conf.o
                0x000000000800ae92                USBH_LL_ResetPort
 .text.USBH_LL_GetLastXferSize
                0x000000000800aec8       0x26 ./USB_HOST/Target/usbh_conf.o
                0x000000000800aec8                USBH_LL_GetLastXferSize
 .text.USBH_LL_OpenPipe
                0x000000000800aeee       0x5e ./USB_HOST/Target/usbh_conf.o
                0x000000000800aeee                USBH_LL_OpenPipe
 .text.USBH_LL_ClosePipe
                0x000000000800af4c       0x3e ./USB_HOST/Target/usbh_conf.o
                0x000000000800af4c                USBH_LL_ClosePipe
 .text.USBH_LL_SubmitURB
                0x000000000800af8a       0x62 ./USB_HOST/Target/usbh_conf.o
                0x000000000800af8a                USBH_LL_SubmitURB
 .text.USBH_LL_GetURBState
                0x000000000800afec       0x26 ./USB_HOST/Target/usbh_conf.o
                0x000000000800afec                USBH_LL_GetURBState
 .text.USBH_LL_DriverVBUS
                0x000000000800b012       0x2e ./USB_HOST/Target/usbh_conf.o
                0x000000000800b012                USBH_LL_DriverVBUS
 .text.USBH_LL_SetToggle
                0x000000000800b040       0x66 ./USB_HOST/Target/usbh_conf.o
                0x000000000800b040                USBH_LL_SetToggle
 .text.USBH_Delay
                0x000000000800b0a6       0x16 ./USB_HOST/Target/usbh_conf.o
                0x000000000800b0a6                USBH_Delay
 .text.USBH_Get_USB_Status
                0x000000000800b0bc       0x58 ./USB_HOST/Target/usbh_conf.o
                0x000000000800b0bc                USBH_Get_USB_Status
 .text.MX_DriverVbusFS
                0x000000000800b114       0x38 ./USB_HOST/Target/usbh_platform.o
                0x000000000800b114                MX_DriverVbusFS
 .text.malloc   0x000000000800b14c       0x10 /Applications/STM32CubeIDE.app/Contents/Eclipse/plugins/com.st.stm32cube.ide.mcu.externaltools.gnu-tools-for-stm32.11.3.rel1.macos64_1.1.100.202310310803/tools/bin/../lib/gcc/arm-none-eabi/11.3.1/../../../../arm-none-eabi/lib/thumb/v7e-m+fp/hard/libc_nano.a(libc_a-malloc.o)
                0x000000000800b14c                malloc
 .text.free     0x000000000800b15c       0x10 /Applications/STM32CubeIDE.app/Contents/Eclipse/plugins/com.st.stm32cube.ide.mcu.externaltools.gnu-tools-for-stm32.11.3.rel1.macos64_1.1.100.202310310803/tools/bin/../lib/gcc/arm-none-eabi/11.3.1/../../../../arm-none-eabi/lib/thumb/v7e-m+fp/hard/libc_nano.a(libc_a-malloc.o)
                0x000000000800b15c                free
 .text.sbrk_aligned
                0x000000000800b16c       0x40 /Applications/STM32CubeIDE.app/Contents/Eclipse/plugins/com.st.stm32cube.ide.mcu.externaltools.gnu-tools-for-stm32.11.3.rel1.macos64_1.1.100.202310310803/tools/bin/../lib/gcc/arm-none-eabi/11.3.1/../../../../arm-none-eabi/lib/thumb/v7e-m+fp/hard/libc_nano.a(libc_a-mallocr.o)
 .text._malloc_r
                0x000000000800b1ac      0x100 /Applications/STM32CubeIDE.app/Contents/Eclipse/plugins/com.st.stm32cube.ide.mcu.externaltools.gnu-tools-for-stm32.11.3.rel1.macos64_1.1.100.202310310803/tools/bin/../lib/gcc/arm-none-eabi/11.3.1/../../../../arm-none-eabi/lib/thumb/v7e-m+fp/hard/libc_nano.a(libc_a-mallocr.o)
                0x000000000800b1ac                _malloc_r
 .text.setvbuf  0x000000000800b2ac      0x15c /Applications/STM32CubeIDE.app/Contents/Eclipse/plugins/com.st.stm32cube.ide.mcu.externaltools.gnu-tools-for-stm32.11.3.rel1.macos64_1.1.100.202310310803/tools/bin/../lib/gcc/arm-none-eabi/11.3.1/../../../../arm-none-eabi/lib/thumb/v7e-m+fp/hard/libc_nano.a(libc_a-setvbuf.o)
                0x000000000800b2ac                setvbuf
 .text.__malloc_lock
                0x000000000800b408        0xc /Applications/STM32CubeIDE.app/Contents/Eclipse/plugins/com.st.stm32cube.ide.mcu.externaltools.gnu-tools-for-stm32.11.3.rel1.macos64_1.1.100.202310310803/tools/bin/../lib/gcc/arm-none-eabi/11.3.1/../../../../arm-none-eabi/lib/thumb/v7e-m+fp/hard/libc_nano.a(libc_a-mlock.o)
                0x000000000800b408                __malloc_lock
 .text.__malloc_unlock
                0x000000000800b414        0xc /Applications/STM32CubeIDE.app/Contents/Eclipse/plugins/com.st.stm32cube.ide.mcu.externaltools.gnu-tools-for-stm32.11.3.rel1.macos64_1.1.100.202310310803/tools/bin/../lib/gcc/arm-none-eabi/11.3.1/../../../../arm-none-eabi/lib/thumb/v7e-m+fp/hard/libc_nano.a(libc_a-mlock.o)
                0x000000000800b414                __malloc_unlock
 .text.std      0x000000000800b420       0x6c /Applications/STM32CubeIDE.app/Contents/Eclipse/plugins/com.st.stm32cube.ide.mcu.externaltools.gnu-tools-for-stm32.11.3.rel1.macos64_1.1.100.202310310803/tools/bin/../lib/gcc/arm-none-eabi/11.3.1/../../../../arm-none-eabi/lib/thumb/v7e-m+fp/hard/libc_nano.a(libc_a-findfp.o)
 .text.stdio_exit_handler
                0x000000000800b48c       0x18 /Applications/STM32CubeIDE.app/Contents/Eclipse/plugins/com.st.stm32cube.ide.mcu.externaltools.gnu-tools-for-stm32.11.3.rel1.macos64_1.1.100.202310310803/tools/bin/../lib/gcc/arm-none-eabi/11.3.1/../../../../arm-none-eabi/lib/thumb/v7e-m+fp/hard/libc_nano.a(libc_a-findfp.o)
 .text.cleanup_stdio
                0x000000000800b4a4       0x40 /Applications/STM32CubeIDE.app/Contents/Eclipse/plugins/com.st.stm32cube.ide.mcu.externaltools.gnu-tools-for-stm32.11.3.rel1.macos64_1.1.100.202310310803/tools/bin/../lib/gcc/arm-none-eabi/11.3.1/../../../../arm-none-eabi/lib/thumb/v7e-m+fp/hard/libc_nano.a(libc_a-findfp.o)
 .text.global_stdio_init.part.0
                0x000000000800b4e4       0x3c /Applications/STM32CubeIDE.app/Contents/Eclipse/plugins/com.st.stm32cube.ide.mcu.externaltools.gnu-tools-for-stm32.11.3.rel1.macos64_1.1.100.202310310803/tools/bin/../lib/gcc/arm-none-eabi/11.3.1/../../../../arm-none-eabi/lib/thumb/v7e-m+fp/hard/libc_nano.a(libc_a-findfp.o)
 .text.__sfp_lock_acquire
                0x000000000800b520        0xc /Applications/STM32CubeIDE.app/Contents/Eclipse/plugins/com.st.stm32cube.ide.mcu.externaltools.gnu-tools-for-stm32.11.3.rel1.macos64_1.1.100.202310310803/tools/bin/../lib/gcc/arm-none-eabi/11.3.1/../../../../arm-none-eabi/lib/thumb/v7e-m+fp/hard/libc_nano.a(libc_a-findfp.o)
                0x000000000800b520                __sfp_lock_acquire
 .text.__sfp_lock_release
                0x000000000800b52c        0xc /Applications/STM32CubeIDE.app/Contents/Eclipse/plugins/com.st.stm32cube.ide.mcu.externaltools.gnu-tools-for-stm32.11.3.rel1.macos64_1.1.100.202310310803/tools/bin/../lib/gcc/arm-none-eabi/11.3.1/../../../../arm-none-eabi/lib/thumb/v7e-m+fp/hard/libc_nano.a(libc_a-findfp.o)
                0x000000000800b52c                __sfp_lock_release
 .text.__sinit  0x000000000800b538       0x30 /Applications/STM32CubeIDE.app/Contents/Eclipse/plugins/com.st.stm32cube.ide.mcu.externaltools.gnu-tools-for-stm32.11.3.rel1.macos64_1.1.100.202310310803/tools/bin/../lib/gcc/arm-none-eabi/11.3.1/../../../../arm-none-eabi/lib/thumb/v7e-m+fp/hard/libc_nano.a(libc_a-findfp.o)
                0x000000000800b538                __sinit
 .text._fwalk_sglue
                0x000000000800b568       0x3c /Applications/STM32CubeIDE.app/Contents/Eclipse/plugins/com.st.stm32cube.ide.mcu.externaltools.gnu-tools-for-stm32.11.3.rel1.macos64_1.1.100.202310310803/tools/bin/../lib/gcc/arm-none-eabi/11.3.1/../../../../arm-none-eabi/lib/thumb/v7e-m+fp/hard/libc_nano.a(libc_a-fwalk.o)
                0x000000000800b568                _fwalk_sglue
 .text.__swhatbuf_r
                0x000000000800b5a4       0x4c /Applications/STM32CubeIDE.app/Contents/Eclipse/plugins/com.st.stm32cube.ide.mcu.externaltools.gnu-tools-for-stm32.11.3.rel1.macos64_1.1.100.202310310803/tools/bin/../lib/gcc/arm-none-eabi/11.3.1/../../../../arm-none-eabi/lib/thumb/v7e-m+fp/hard/libc_nano.a(libc_a-makebuf.o)
                0x000000000800b5a4                __swhatbuf_r
 .text.__smakebuf_r
                0x000000000800b5f0       0x78 /Applications/STM32CubeIDE.app/Contents/Eclipse/plugins/com.st.stm32cube.ide.mcu.externaltools.gnu-tools-for-stm32.11.3.rel1.macos64_1.1.100.202310310803/tools/bin/../lib/gcc/arm-none-eabi/11.3.1/../../../../arm-none-eabi/lib/thumb/v7e-m+fp/hard/libc_nano.a(libc_a-makebuf.o)
                0x000000000800b5f0                __smakebuf_r
 .text.printf   0x000000000800b668       0x24 /Applications/STM32CubeIDE.app/Contents/Eclipse/plugins/com.st.stm32cube.ide.mcu.externaltools.gnu-tools-for-stm32.11.3.rel1.macos64_1.1.100.202310310803/tools/bin/../lib/gcc/arm-none-eabi/11.3.1/../../../../arm-none-eabi/lib/thumb/v7e-m+fp/hard/libc_nano.a(libc_a-printf.o)
                0x000000000800b668                printf
                0x000000000800b668                iprintf
 .text.memset   0x000000000800b68c       0x10 /Applications/STM32CubeIDE.app/Contents/Eclipse/plugins/com.st.stm32cube.ide.mcu.externaltools.gnu-tools-for-stm32.11.3.rel1.macos64_1.1.100.202310310803/tools/bin/../lib/gcc/arm-none-eabi/11.3.1/../../../../arm-none-eabi/lib/thumb/v7e-m+fp/hard/libc_nano.a(libc_a-memset.o)
                0x000000000800b68c                memset
 .text._fstat_r
                0x000000000800b69c       0x24 /Applications/STM32CubeIDE.app/Contents/Eclipse/plugins/com.st.stm32cube.ide.mcu.externaltools.gnu-tools-for-stm32.11.3.rel1.macos64_1.1.100.202310310803/tools/bin/../lib/gcc/arm-none-eabi/11.3.1/../../../../arm-none-eabi/lib/thumb/v7e-m+fp/hard/libc_nano.a(libc_a-fstatr.o)
                0x000000000800b69c                _fstat_r
 .text._isatty_r
                0x000000000800b6c0       0x20 /Applications/STM32CubeIDE.app/Contents/Eclipse/plugins/com.st.stm32cube.ide.mcu.externaltools.gnu-tools-for-stm32.11.3.rel1.macos64_1.1.100.202310310803/tools/bin/../lib/gcc/arm-none-eabi/11.3.1/../../../../arm-none-eabi/lib/thumb/v7e-m+fp/hard/libc_nano.a(libc_a-isattyr.o)
                0x000000000800b6c0                _isatty_r
 .text._sbrk_r  0x000000000800b6e0       0x20 /Applications/STM32CubeIDE.app/Contents/Eclipse/plugins/com.st.stm32cube.ide.mcu.externaltools.gnu-tools-for-stm32.11.3.rel1.macos64_1.1.100.202310310803/tools/bin/../lib/gcc/arm-none-eabi/11.3.1/../../../../arm-none-eabi/lib/thumb/v7e-m+fp/hard/libc_nano.a(libc_a-sbrkr.o)
                0x000000000800b6e0                _sbrk_r
 .text.__errno  0x000000000800b700        0xc /Applications/STM32CubeIDE.app/Contents/Eclipse/plugins/com.st.stm32cube.ide.mcu.externaltools.gnu-tools-for-stm32.11.3.rel1.macos64_1.1.100.202310310803/tools/bin/../lib/gcc/arm-none-eabi/11.3.1/../../../../arm-none-eabi/lib/thumb/v7e-m+fp/hard/libc_nano.a(libc_a-errno.o)
                0x000000000800b700                __errno
 .text.__libc_init_array
                0x000000000800b70c       0x48 /Applications/STM32CubeIDE.app/Contents/Eclipse/plugins/com.st.stm32cube.ide.mcu.externaltools.gnu-tools-for-stm32.11.3.rel1.macos64_1.1.100.202310310803/tools/bin/../lib/gcc/arm-none-eabi/11.3.1/../../../../arm-none-eabi/lib/thumb/v7e-m+fp/hard/libc_nano.a(libc_a-init.o)
                0x000000000800b70c                __libc_init_array
 .text.__retarget_lock_init_recursive
                0x000000000800b754        0x2 /Applications/STM32CubeIDE.app/Contents/Eclipse/plugins/com.st.stm32cube.ide.mcu.externaltools.gnu-tools-for-stm32.11.3.rel1.macos64_1.1.100.202310310803/tools/bin/../lib/gcc/arm-none-eabi/11.3.1/../../../../arm-none-eabi/lib/thumb/v7e-m+fp/hard/libc_nano.a(libc_a-lock.o)
                0x000000000800b754                __retarget_lock_init_recursive
 .text.__retarget_lock_acquire_recursive
                0x000000000800b756        0x2 /Applications/STM32CubeIDE.app/Contents/Eclipse/plugins/com.st.stm32cube.ide.mcu.externaltools.gnu-tools-for-stm32.11.3.rel1.macos64_1.1.100.202310310803/tools/bin/../lib/gcc/arm-none-eabi/11.3.1/../../../../arm-none-eabi/lib/thumb/v7e-m+fp/hard/libc_nano.a(libc_a-lock.o)
                0x000000000800b756                __retarget_lock_acquire_recursive
 .text.__retarget_lock_release_recursive
                0x000000000800b758        0x2 /Applications/STM32CubeIDE.app/Contents/Eclipse/plugins/com.st.stm32cube.ide.mcu.externaltools.gnu-tools-for-stm32.11.3.rel1.macos64_1.1.100.202310310803/tools/bin/../lib/gcc/arm-none-eabi/11.3.1/../../../../arm-none-eabi/lib/thumb/v7e-m+fp/hard/libc_nano.a(libc_a-lock.o)
                0x000000000800b758                __retarget_lock_release_recursive
 .text.memcpy   0x000000000800b75a       0x1c /Applications/STM32CubeIDE.app/Contents/Eclipse/plugins/com.st.stm32cube.ide.mcu.externaltools.gnu-tools-for-stm32.11.3.rel1.macos64_1.1.100.202310310803/tools/bin/../lib/gcc/arm-none-eabi/11.3.1/../../../../arm-none-eabi/lib/thumb/v7e-m+fp/hard/libc_nano.a(libc_a-memcpy-stub.o)
                0x000000000800b75a                memcpy
 *fill*         0x000000000800b776        0x2 
 .text._free_r  0x000000000800b778       0x98 /Applications/STM32CubeIDE.app/Contents/Eclipse/plugins/com.st.stm32cube.ide.mcu.externaltools.gnu-tools-for-stm32.11.3.rel1.macos64_1.1.100.202310310803/tools/bin/../lib/gcc/arm-none-eabi/11.3.1/../../../../arm-none-eabi/lib/thumb/v7e-m+fp/hard/libc_nano.a(libc_a-freer.o)
                0x000000000800b778                _free_r
 .text.__sfputc_r
                0x000000000800b810       0x2e /Applications/STM32CubeIDE.app/Contents/Eclipse/plugins/com.st.stm32cube.ide.mcu.externaltools.gnu-tools-for-stm32.11.3.rel1.macos64_1.1.100.202310310803/tools/bin/../lib/gcc/arm-none-eabi/11.3.1/../../../../arm-none-eabi/lib/thumb/v7e-m+fp/hard/libc_nano.a(libc_a-nano-vfprintf.o)
 .text.__sfputs_r
                0x000000000800b83e       0x24 /Applications/STM32CubeIDE.app/Contents/Eclipse/plugins/com.st.stm32cube.ide.mcu.externaltools.gnu-tools-for-stm32.11.3.rel1.macos64_1.1.100.202310310803/tools/bin/../lib/gcc/arm-none-eabi/11.3.1/../../../../arm-none-eabi/lib/thumb/v7e-m+fp/hard/libc_nano.a(libc_a-nano-vfprintf.o)
                0x000000000800b83e                __sfputs_r
 *fill*         0x000000000800b862        0x2 
 .text._vfprintf_r
                0x000000000800b864      0x234 /Applications/STM32CubeIDE.app/Contents/Eclipse/plugins/com.st.stm32cube.ide.mcu.externaltools.gnu-tools-for-stm32.11.3.rel1.macos64_1.1.100.202310310803/tools/bin/../lib/gcc/arm-none-eabi/11.3.1/../../../../arm-none-eabi/lib/thumb/v7e-m+fp/hard/libc_nano.a(libc_a-nano-vfprintf.o)
                0x000000000800b864                _vfiprintf_r
                0x000000000800b864                _vfprintf_r
 .text._printf_common
                0x000000000800ba98       0xda /Applications/STM32CubeIDE.app/Contents/Eclipse/plugins/com.st.stm32cube.ide.mcu.externaltools.gnu-tools-for-stm32.11.3.rel1.macos64_1.1.100.202310310803/tools/bin/../lib/gcc/arm-none-eabi/11.3.1/../../../../arm-none-eabi/lib/thumb/v7e-m+fp/hard/libc_nano.a(libc_a-nano-vfprintf_i.o)
                0x000000000800ba98                _printf_common
 *fill*         0x000000000800bb72        0x2 
 .text._printf_i
                0x000000000800bb74      0x244 /Applications/STM32CubeIDE.app/Contents/Eclipse/plugins/com.st.stm32cube.ide.mcu.externaltools.gnu-tools-for-stm32.11.3.rel1.macos64_1.1.100.202310310803/tools/bin/../lib/gcc/arm-none-eabi/11.3.1/../../../../arm-none-eabi/lib/thumb/v7e-m+fp/hard/libc_nano.a(libc_a-nano-vfprintf_i.o)
                0x000000000800bb74                _printf_i
 .text.__sflush_r
                0x000000000800bdb8      0x10c /Applications/STM32CubeIDE.app/Contents/Eclipse/plugins/com.st.stm32cube.ide.mcu.externaltools.gnu-tools-for-stm32.11.3.rel1.macos64_1.1.100.202310310803/tools/bin/../lib/gcc/arm-none-eabi/11.3.1/../../../../arm-none-eabi/lib/thumb/v7e-m+fp/hard/libc_nano.a(libc_a-fflush.o)
                0x000000000800bdb8                __sflush_r
 .text._fflush_r
                0x000000000800bec4       0x50 /Applications/STM32CubeIDE.app/Contents/Eclipse/plugins/com.st.stm32cube.ide.mcu.externaltools.gnu-tools-for-stm32.11.3.rel1.macos64_1.1.100.202310310803/tools/bin/../lib/gcc/arm-none-eabi/11.3.1/../../../../arm-none-eabi/lib/thumb/v7e-m+fp/hard/libc_nano.a(libc_a-fflush.o)
                0x000000000800bec4                _fflush_r
 .text.__sread  0x000000000800bf14       0x22 /Applications/STM32CubeIDE.app/Contents/Eclipse/plugins/com.st.stm32cube.ide.mcu.externaltools.gnu-tools-for-stm32.11.3.rel1.macos64_1.1.100.202310310803/tools/bin/../lib/gcc/arm-none-eabi/11.3.1/../../../../arm-none-eabi/lib/thumb/v7e-m+fp/hard/libc_nano.a(libc_a-stdio.o)
                0x000000000800bf14                __sread
 .text.__swrite
                0x000000000800bf36       0x38 /Applications/STM32CubeIDE.app/Contents/Eclipse/plugins/com.st.stm32cube.ide.mcu.externaltools.gnu-tools-for-stm32.11.3.rel1.macos64_1.1.100.202310310803/tools/bin/../lib/gcc/arm-none-eabi/11.3.1/../../../../arm-none-eabi/lib/thumb/v7e-m+fp/hard/libc_nano.a(libc_a-stdio.o)
                0x000000000800bf36                __swrite
 .text.__sseek  0x000000000800bf6e       0x24 /Applications/STM32CubeIDE.app/Contents/Eclipse/plugins/com.st.stm32cube.ide.mcu.externaltools.gnu-tools-for-stm32.11.3.rel1.macos64_1.1.100.202310310803/tools/bin/../lib/gcc/arm-none-eabi/11.3.1/../../../../arm-none-eabi/lib/thumb/v7e-m+fp/hard/libc_nano.a(libc_a-stdio.o)
                0x000000000800bf6e                __sseek
 .text.__sclose
                0x000000000800bf92        0x8 /Applications/STM32CubeIDE.app/Contents/Eclipse/plugins/com.st.stm32cube.ide.mcu.externaltools.gnu-tools-for-stm32.11.3.rel1.macos64_1.1.100.202310310803/tools/bin/../lib/gcc/arm-none-eabi/11.3.1/../../../../arm-none-eabi/lib/thumb/v7e-m+fp/hard/libc_nano.a(libc_a-stdio.o)
                0x000000000800bf92                __sclose
 .text.__swbuf_r
                0x000000000800bf9a       0x7a /Applications/STM32CubeIDE.app/Contents/Eclipse/plugins/com.st.stm32cube.ide.mcu.externaltools.gnu-tools-for-stm32.11.3.rel1.macos64_1.1.100.202310310803/tools/bin/../lib/gcc/arm-none-eabi/11.3.1/../../../../arm-none-eabi/lib/thumb/v7e-m+fp/hard/libc_nano.a(libc_a-wbuf.o)
                0x000000000800bf9a                __swbuf_r
 .text.__swsetup_r
                0x000000000800c014       0xb0 /Applications/STM32CubeIDE.app/Contents/Eclipse/plugins/com.st.stm32cube.ide.mcu.externaltools.gnu-tools-for-stm32.11.3.rel1.macos64_1.1.100.202310310803/tools/bin/../lib/gcc/arm-none-eabi/11.3.1/../../../../arm-none-eabi/lib/thumb/v7e-m+fp/hard/libc_nano.a(libc_a-wsetup.o)
                0x000000000800c014                __swsetup_r
 .text._close_r
                0x000000000800c0c4       0x20 /Applications/STM32CubeIDE.app/Contents/Eclipse/plugins/com.st.stm32cube.ide.mcu.externaltools.gnu-tools-for-stm32.11.3.rel1.macos64_1.1.100.202310310803/tools/bin/../lib/gcc/arm-none-eabi/11.3.1/../../../../arm-none-eabi/lib/thumb/v7e-m+fp/hard/libc_nano.a(libc_a-closer.o)
                0x000000000800c0c4                _close_r
 .text._lseek_r
                0x000000000800c0e4       0x24 /Applications/STM32CubeIDE.app/Contents/Eclipse/plugins/com.st.stm32cube.ide.mcu.externaltools.gnu-tools-for-stm32.11.3.rel1.macos64_1.1.100.202310310803/tools/bin/../lib/gcc/arm-none-eabi/11.3.1/../../../../arm-none-eabi/lib/thumb/v7e-m+fp/hard/libc_nano.a(libc_a-lseekr.o)
                0x000000000800c0e4                _lseek_r
 .text._read_r  0x000000000800c108       0x24 /Applications/STM32CubeIDE.app/Contents/Eclipse/plugins/com.st.stm32cube.ide.mcu.externaltools.gnu-tools-for-stm32.11.3.rel1.macos64_1.1.100.202310310803/tools/bin/../lib/gcc/arm-none-eabi/11.3.1/../../../../arm-none-eabi/lib/thumb/v7e-m+fp/hard/libc_nano.a(libc_a-readr.o)
                0x000000000800c108                _read_r
 .text._write_r
                0x000000000800c12c       0x24 /Applications/STM32CubeIDE.app/Contents/Eclipse/plugins/com.st.stm32cube.ide.mcu.externaltools.gnu-tools-for-stm32.11.3.rel1.macos64_1.1.100.202310310803/tools/bin/../lib/gcc/arm-none-eabi/11.3.1/../../../../arm-none-eabi/lib/thumb/v7e-m+fp/hard/libc_nano.a(libc_a-writer.o)
                0x000000000800c12c                _write_r
 *(.glue_7)
 .glue_7        0x000000000800c150        0x0 linker stubs
 *(.glue_7t)
 .glue_7t       0x000000000800c150        0x0 linker stubs
 *(.eh_frame)
 .eh_frame      0x000000000800c150        0x0 /Applications/STM32CubeIDE.app/Contents/Eclipse/plugins/com.st.stm32cube.ide.mcu.externaltools.gnu-tools-for-stm32.11.3.rel1.macos64_1.1.100.202310310803/tools/bin/../lib/gcc/arm-none-eabi/11.3.1/thumb/v7e-m+fp/hard/crtbegin.o
 *(.init)
 .init          0x000000000800c150        0x4 /Applications/STM32CubeIDE.app/Contents/Eclipse/plugins/com.st.stm32cube.ide.mcu.externaltools.gnu-tools-for-stm32.11.3.rel1.macos64_1.1.100.202310310803/tools/bin/../lib/gcc/arm-none-eabi/11.3.1/thumb/v7e-m+fp/hard/crti.o
                0x000000000800c150                _init
 .init          0x000000000800c154        0x8 /Applications/STM32CubeIDE.app/Contents/Eclipse/plugins/com.st.stm32cube.ide.mcu.externaltools.gnu-tools-for-stm32.11.3.rel1.macos64_1.1.100.202310310803/tools/bin/../lib/gcc/arm-none-eabi/11.3.1/thumb/v7e-m+fp/hard/crtn.o
 *(.fini)
 .fini          0x000000000800c15c        0x4 /Applications/STM32CubeIDE.app/Contents/Eclipse/plugins/com.st.stm32cube.ide.mcu.externaltools.gnu-tools-for-stm32.11.3.rel1.macos64_1.1.100.202310310803/tools/bin/../lib/gcc/arm-none-eabi/11.3.1/thumb/v7e-m+fp/hard/crti.o
                0x000000000800c15c                _fini
 .fini          0x000000000800c160        0x8 /Applications/STM32CubeIDE.app/Contents/Eclipse/plugins/com.st.stm32cube.ide.mcu.externaltools.gnu-tools-for-stm32.11.3.rel1.macos64_1.1.100.202310310803/tools/bin/../lib/gcc/arm-none-eabi/11.3.1/thumb/v7e-m+fp/hard/crtn.o
                0x000000000800c168                . = ALIGN (0x4)
                0x000000000800c168                _etext = .

.vfp11_veneer   0x000000000800c168        0x0
 .vfp11_veneer  0x000000000800c168        0x0 linker stubs

.v4_bx          0x000000000800c168        0x0
 .v4_bx         0x000000000800c168        0x0 linker stubs

.iplt           0x000000000800c168        0x0
 .iplt          0x000000000800c168        0x0 /Applications/STM32CubeIDE.app/Contents/Eclipse/plugins/com.st.stm32cube.ide.mcu.externaltools.gnu-tools-for-stm32.11.3.rel1.macos64_1.1.100.202310310803/tools/bin/../lib/gcc/arm-none-eabi/11.3.1/thumb/v7e-m+fp/hard/crtbegin.o

.rodata         0x000000000800c168      0x134
                0x000000000800c168                . = ALIGN (0x4)
 *(.rodata)
 .rodata        0x000000000800c168       0xdc ./Core/Src/main.o
 .rodata        0x000000000800c244        0x4 ./Middlewares/ST/STM32_USB_Host_Library/Class/CDC/Src/usbh_cdc.o
 *(.rodata*)
 .rodata.AHBPrescTable
                0x000000000800c248       0x10 ./Core/Src/system_stm32f4xx.o
                0x000000000800c248                AHBPrescTable
 .rodata.APBPrescTable
                0x000000000800c258        0x8 ./Core/Src/system_stm32f4xx.o
                0x000000000800c258                APBPrescTable
 .rodata.flagBitshiftOffset.0
                0x000000000800c260        0x8 ./Drivers/STM32F4xx_HAL_Driver/Src/stm32f4xx_hal_dma.o
 .rodata._vfprintf_r.str1.1
                0x000000000800c268       0x11 /Applications/STM32CubeIDE.app/Contents/Eclipse/plugins/com.st.stm32cube.ide.mcu.externaltools.gnu-tools-for-stm32.11.3.rel1.macos64_1.1.100.202310310803/tools/bin/../lib/gcc/arm-none-eabi/11.3.1/../../../../arm-none-eabi/lib/thumb/v7e-m+fp/hard/libc_nano.a(libc_a-nano-vfprintf.o)
 .rodata._printf_i.str1.1
                0x000000000800c279       0x22 /Applications/STM32CubeIDE.app/Contents/Eclipse/plugins/com.st.stm32cube.ide.mcu.externaltools.gnu-tools-for-stm32.11.3.rel1.macos64_1.1.100.202310310803/tools/bin/../lib/gcc/arm-none-eabi/11.3.1/../../../../arm-none-eabi/lib/thumb/v7e-m+fp/hard/libc_nano.a(libc_a-nano-vfprintf_i.o)
                0x000000000800c29c                . = ALIGN (0x4)
 *fill*         0x000000000800c29b        0x1 

.ARM.extab      0x000000000800c29c        0x0
                0x000000000800c29c                . = ALIGN (0x4)
 *(.ARM.extab* .gnu.linkonce.armextab.*)
                0x000000000800c29c                . = ALIGN (0x4)

.ARM            0x000000000800c29c        0x8
                0x000000000800c29c                . = ALIGN (0x4)
                0x000000000800c29c                __exidx_start = .
 *(.ARM.exidx*)
 .ARM.exidx     0x000000000800c29c        0x8 /Applications/STM32CubeIDE.app/Contents/Eclipse/plugins/com.st.stm32cube.ide.mcu.externaltools.gnu-tools-for-stm32.11.3.rel1.macos64_1.1.100.202310310803/tools/bin/../lib/gcc/arm-none-eabi/11.3.1/thumb/v7e-m+fp/hard/libgcc.a(_udivmoddi4.o)
                0x000000000800c2a4                __exidx_end = .
                0x000000000800c2a4                . = ALIGN (0x4)

.rel.dyn        0x000000000800c2a4        0x0
 .rel.iplt      0x000000000800c2a4        0x0 /Applications/STM32CubeIDE.app/Contents/Eclipse/plugins/com.st.stm32cube.ide.mcu.externaltools.gnu-tools-for-stm32.11.3.rel1.macos64_1.1.100.202310310803/tools/bin/../lib/gcc/arm-none-eabi/11.3.1/thumb/v7e-m+fp/hard/crtbegin.o

.preinit_array  0x000000000800c2a4        0x0
                0x000000000800c2a4                . = ALIGN (0x4)
                0x000000000800c2a4                PROVIDE (__preinit_array_start = .)
 *(.preinit_array*)
                0x000000000800c2a4                PROVIDE (__preinit_array_end = .)
                0x000000000800c2a4                . = ALIGN (0x4)

.init_array     0x000000000800c2a4        0x4
                0x000000000800c2a4                . = ALIGN (0x4)
                0x000000000800c2a4                PROVIDE (__init_array_start = .)
 *(SORT_BY_NAME(.init_array.*))
 *(.init_array*)
 .init_array    0x000000000800c2a4        0x4 /Applications/STM32CubeIDE.app/Contents/Eclipse/plugins/com.st.stm32cube.ide.mcu.externaltools.gnu-tools-for-stm32.11.3.rel1.macos64_1.1.100.202310310803/tools/bin/../lib/gcc/arm-none-eabi/11.3.1/thumb/v7e-m+fp/hard/crtbegin.o
                0x000000000800c2a8                PROVIDE (__init_array_end = .)
                0x000000000800c2a8                . = ALIGN (0x4)

.fini_array     0x000000000800c2a8        0x4
                0x000000000800c2a8                . = ALIGN (0x4)
                [!provide]                        PROVIDE (__fini_array_start = .)
 *(SORT_BY_NAME(.fini_array.*))
 *(.fini_array*)
 .fini_array    0x000000000800c2a8        0x4 /Applications/STM32CubeIDE.app/Contents/Eclipse/plugins/com.st.stm32cube.ide.mcu.externaltools.gnu-tools-for-stm32.11.3.rel1.macos64_1.1.100.202310310803/tools/bin/../lib/gcc/arm-none-eabi/11.3.1/thumb/v7e-m+fp/hard/crtbegin.o
                [!provide]                        PROVIDE (__fini_array_end = .)
                0x000000000800c2ac                . = ALIGN (0x4)
                0x000000000800c2ac                _sidata = LOADADDR (.data)

.data           0x0000000020000000       0x88 load address 0x000000000800c2ac
                0x0000000020000000                . = ALIGN (0x4)
                0x0000000020000000                _sdata = .
 *(.data)
 *(.data*)
 .data.SystemCoreClock
                0x0000000020000000        0x4 ./Core/Src/system_stm32f4xx.o
                0x0000000020000000                SystemCoreClock
 .data.uwTickPrio
                0x0000000020000004        0x4 ./Drivers/STM32F4xx_HAL_Driver/Src/stm32f4xx_hal.o
                0x0000000020000004                uwTickPrio
 .data.uwTickFreq
                0x0000000020000008        0x1 ./Drivers/STM32F4xx_HAL_Driver/Src/stm32f4xx_hal.o
                0x0000000020000008                uwTickFreq
 *fill*         0x0000000020000009        0x3 
 .data.CDC_Class
                0x000000002000000c       0x20 ./Middlewares/ST/STM32_USB_Host_Library/Class/CDC/Src/usbh_cdc.o
                0x000000002000000c                CDC_Class
 .data.__sglue  0x000000002000002c        0xc /Applications/STM32CubeIDE.app/Contents/Eclipse/plugins/com.st.stm32cube.ide.mcu.externaltools.gnu-tools-for-stm32.11.3.rel1.macos64_1.1.100.202310310803/tools/bin/../lib/gcc/arm-none-eabi/11.3.1/../../../../arm-none-eabi/lib/thumb/v7e-m+fp/hard/libc_nano.a(libc_a-findfp.o)
                0x000000002000002c                __sglue
 .data._impure_data
                0x0000000020000038       0x4c /Applications/STM32CubeIDE.app/Contents/Eclipse/plugins/com.st.stm32cube.ide.mcu.externaltools.gnu-tools-for-stm32.11.3.rel1.macos64_1.1.100.202310310803/tools/bin/../lib/gcc/arm-none-eabi/11.3.1/../../../../arm-none-eabi/lib/thumb/v7e-m+fp/hard/libc_nano.a(libc_a-impure.o)
                0x0000000020000038                _impure_data
 .data._impure_ptr
                0x0000000020000084        0x4 /Applications/STM32CubeIDE.app/Contents/Eclipse/plugins/com.st.stm32cube.ide.mcu.externaltools.gnu-tools-for-stm32.11.3.rel1.macos64_1.1.100.202310310803/tools/bin/../lib/gcc/arm-none-eabi/11.3.1/../../../../arm-none-eabi/lib/thumb/v7e-m+fp/hard/libc_nano.a(libc_a-impure.o)
                0x0000000020000084                _impure_ptr
 *(.RamFunc)
 *(.RamFunc*)
                0x0000000020000088                . = ALIGN (0x4)
                0x0000000020000088                _edata = .
                0x000000000800c334                _siccmram = LOADADDR (.ccmram)

.igot.plt       0x0000000020000088        0x0 load address 0x000000000800c334
 .igot.plt      0x0000000020000088        0x0 /Applications/STM32CubeIDE.app/Contents/Eclipse/plugins/com.st.stm32cube.ide.mcu.externaltools.gnu-tools-for-stm32.11.3.rel1.macos64_1.1.100.202310310803/tools/bin/../lib/gcc/arm-none-eabi/11.3.1/thumb/v7e-m+fp/hard/crtbegin.o

.ccmram         0x0000000010000000        0x0 load address 0x000000000800c334
                0x0000000010000000                . = ALIGN (0x4)
                0x0000000010000000                _sccmram = .
 *(.ccmram)
 *(.ccmram*)
                0x0000000010000000                . = ALIGN (0x4)
                0x0000000010000000                _eccmram = .
                0x0000000010000000                . = ALIGN (0x4)

.bss            0x0000000020000088      0xcac
                0x0000000020000088                _sbss = .
                0x0000000020000088                __bss_start__ = _sbss
 *(.bss)
 .bss           0x0000000020000088       0x1c /Applications/STM32CubeIDE.app/Contents/Eclipse/plugins/com.st.stm32cube.ide.mcu.externaltools.gnu-tools-for-stm32.11.3.rel1.macos64_1.1.100.202310310803/tools/bin/../lib/gcc/arm-none-eabi/11.3.1/thumb/v7e-m+fp/hard/crtbegin.o
 *(.bss*)
 .bss.hcan1     0x00000000200000a4       0x28 ./Core/Src/main.o
                0x00000000200000a4                hcan1
 .bss.huart7    0x00000000200000cc       0x48 ./Core/Src/main.o
                0x00000000200000cc                huart7
 .bss.huart3    0x0000000020000114       0x48 ./Core/Src/main.o
                0x0000000020000114                huart3
 .bss.huart6    0x000000002000015c       0x48 ./Core/Src/main.o
                0x000000002000015c                huart6
 .bss.hdma_uart7_rx
                0x00000000200001a4       0x60 ./Core/Src/main.o
                0x00000000200001a4                hdma_uart7_rx
 .bss.hdma_usart6_rx
                0x0000000020000204       0x60 ./Core/Src/main.o
                0x0000000020000204                hdma_usart6_rx
 .bss.UART_rxBuffer
                0x0000000020000264       0x36 ./Core/Src/main.o
                0x0000000020000264                UART_rxBuffer
 *fill*         0x000000002000029a        0x2 
 .bss.UART_rx7Buffer
                0x000000002000029c       0x10 ./Core/Src/main.o
                0x000000002000029c                UART_rx7Buffer
 .bss.euler     0x00000000200002ac        0xc ./Core/Src/main.o
                0x00000000200002ac                euler
 .bss.acc       0x00000000200002b8        0xc ./Core/Src/main.o
                0x00000000200002b8                acc
 .bss.rot       0x00000000200002c4        0xc ./Core/Src/main.o
                0x00000000200002c4                rot
 .bss.latlon    0x00000000200002d0        0x8 ./Core/Src/main.o
                0x00000000200002d0                latlon
 .bss.TxHeader  0x00000000200002d8       0x18 ./Core/Src/main.o
                0x00000000200002d8                TxHeader
 .bss.sFilterConfig
                0x00000000200002f0       0x28 ./Core/Src/main.o
                0x00000000200002f0                sFilterConfig
 .bss.TxData    0x0000000020000318        0x8 ./Core/Src/main.o
                0x0000000020000318                TxData
 .bss.TxMailbox
                0x0000000020000320        0x4 ./Core/Src/main.o
                0x0000000020000320                TxMailbox
 .bss.deltaL_F  0x0000000020000324        0x4 ./Core/Src/main.o
                0x0000000020000324                deltaL_F
 .bss.deltaL_A  0x0000000020000328        0x4 ./Core/Src/main.o
                0x0000000020000328                deltaL_A
 .bss.deltaL_B  0x000000002000032c        0x4 ./Core/Src/main.o
                0x000000002000032c                deltaL_B
 .bss.deltaL_T  0x0000000020000330        0x4 ./Core/Src/main.o
                0x0000000020000330                deltaL_T
 .bss.deltaL_1  0x0000000020000334        0x4 ./Core/Src/main.o
                0x0000000020000334                deltaL_1
 .bss.deltaL_2  0x0000000020000338        0x4 ./Core/Src/main.o
                0x0000000020000338                deltaL_2
 .bss.deltaL_3  0x000000002000033c        0x4 ./Core/Src/main.o
                0x000000002000033c                deltaL_3
 .bss.deltaL_4  0x0000000020000340        0x4 ./Core/Src/main.o
                0x0000000020000340                deltaL_4
 .bss.roll      0x0000000020000344        0x4 ./Core/Src/main.o
                0x0000000020000344                roll
 .bss.pitch     0x0000000020000348        0x4 ./Core/Src/main.o
                0x0000000020000348                pitch
 .bss.rotX      0x000000002000034c        0x4 ./Core/Src/main.o
                0x000000002000034c                rotX
 .bss.rotY      0x0000000020000350        0x4 ./Core/Src/main.o
                0x0000000020000350                rotY
 .bss.alpha_ref
                0x0000000020000354        0x4 ./Core/Src/main.o
                0x0000000020000354                alpha_ref
 .bss.beta_ref  0x0000000020000358        0x4 ./Core/Src/main.o
                0x0000000020000358                beta_ref
 .bss.e_alpha   0x000000002000035c        0x4 ./Core/Src/main.o
                0x000000002000035c                e_alpha
 .bss.e_beta    0x0000000020000360        0x4 ./Core/Src/main.o
                0x0000000020000360                e_beta
 .bss.V_2       0x0000000020000364        0x4 ./Core/Src/main.o
                0x0000000020000364                V_2
 .bss.V_3       0x0000000020000368        0x4 ./Core/Src/main.o
                0x0000000020000368                V_3
 .bss.I_1       0x000000002000036c        0x4 ./Core/Src/main.o
                0x000000002000036c                I_1
 .bss.I_4       0x0000000020000370        0x4 ./Core/Src/main.o
                0x0000000020000370                I_4
 .bss.flagWingMode
                0x0000000020000374        0x4 ./Core/Src/main.o
                0x0000000020000374                flagWingMode
 .bss.rudder_ref
                0x0000000020000378        0x4 ./Core/Src/main.o
                0x0000000020000378                rudder_ref
 .bss.flagBoatPowerSwitch
                0x000000002000037c        0x4 ./Core/Src/main.o
                0x000000002000037c                flagBoatPowerSwitch
 .bss.boatThrottle
                0x0000000020000380        0x4 ./Core/Src/main.o
                0x0000000020000380                boatThrottle
 .bss.flagSpeedMode
                0x0000000020000384        0x4 ./Core/Src/main.o
                0x0000000020000384                flagSpeedMode
 .bss.flagBoatBrake
                0x0000000020000388        0x4 ./Core/Src/main.o
                0x0000000020000388                flagBoatBrake
 .bss.usbresult
                0x000000002000038c        0x1 ./Core/Src/main.o
                0x000000002000038c                usbresult
 *fill*         0x000000002000038d        0x3 
 .bss.CDC_RX_Buffer
                0x0000000020000390       0x40 ./Core/Src/main.o
                0x0000000020000390                CDC_RX_Buffer
 .bss.buffer    0x00000000200003d0       0x40 ./Core/Src/main.o
                0x00000000200003d0                buffer
 .bss.awa       0x0000000020000410        0x4 ./Core/Src/main.o
                0x0000000020000410                awa
 .bss.aws       0x0000000020000414        0x4 ./Core/Src/main.o
                0x0000000020000414                aws
 .bss.t0        0x0000000020000418        0x4 ./Core/Src/main.o
                0x0000000020000418                t0
 .bss.timeEllapsed
                0x000000002000041c        0x4 ./Core/Src/main.o
                0x000000002000041c                timeEllapsed
 .bss.gHuart    0x0000000020000420        0x4 ./Core/Src/retarget.o
                0x0000000020000420                gHuart
 .bss.__sbrk_heap_end
                0x0000000020000424        0x4 ./Core/Src/sysmem.o
 .bss.uwTick    0x0000000020000428        0x4 ./Drivers/STM32F4xx_HAL_Driver/Src/stm32f4xx_hal.o
                0x0000000020000428                uwTick
 .bss.hUsbHostFS
                0x000000002000042c      0x3d8 ./USB_HOST/App/usb_host.o
                0x000000002000042c                hUsbHostFS
 .bss.Appli_state
                0x0000000020000804        0x1 ./USB_HOST/App/usb_host.o
                0x0000000020000804                Appli_state
 *fill*         0x0000000020000805        0x3 
 .bss.hhcd_USB_OTG_FS
                0x0000000020000808      0x3e0 ./USB_HOST/Target/usbh_conf.o
                0x0000000020000808                hhcd_USB_OTG_FS
 .bss.__malloc_free_list
                0x0000000020000be8        0x4 /Applications/STM32CubeIDE.app/Contents/Eclipse/plugins/com.st.stm32cube.ide.mcu.externaltools.gnu-tools-for-stm32.11.3.rel1.macos64_1.1.100.202310310803/tools/bin/../lib/gcc/arm-none-eabi/11.3.1/../../../../arm-none-eabi/lib/thumb/v7e-m+fp/hard/libc_nano.a(libc_a-mallocr.o)
                0x0000000020000be8                __malloc_free_list
 .bss.__malloc_sbrk_start
                0x0000000020000bec        0x4 /Applications/STM32CubeIDE.app/Contents/Eclipse/plugins/com.st.stm32cube.ide.mcu.externaltools.gnu-tools-for-stm32.11.3.rel1.macos64_1.1.100.202310310803/tools/bin/../lib/gcc/arm-none-eabi/11.3.1/../../../../arm-none-eabi/lib/thumb/v7e-m+fp/hard/libc_nano.a(libc_a-mallocr.o)
                0x0000000020000bec                __malloc_sbrk_start
 .bss.__sf      0x0000000020000bf0      0x138 /Applications/STM32CubeIDE.app/Contents/Eclipse/plugins/com.st.stm32cube.ide.mcu.externaltools.gnu-tools-for-stm32.11.3.rel1.macos64_1.1.100.202310310803/tools/bin/../lib/gcc/arm-none-eabi/11.3.1/../../../../arm-none-eabi/lib/thumb/v7e-m+fp/hard/libc_nano.a(libc_a-findfp.o)
                0x0000000020000bf0                __sf
 .bss.__stdio_exit_handler
                0x0000000020000d28        0x4 /Applications/STM32CubeIDE.app/Contents/Eclipse/plugins/com.st.stm32cube.ide.mcu.externaltools.gnu-tools-for-stm32.11.3.rel1.macos64_1.1.100.202310310803/tools/bin/../lib/gcc/arm-none-eabi/11.3.1/../../../../arm-none-eabi/lib/thumb/v7e-m+fp/hard/libc_nano.a(libc_a-findfp.o)
                0x0000000020000d28                __stdio_exit_handler
 .bss.__lock___malloc_recursive_mutex