../Core/Src/main.c:168:5:main	64	static
../Core/Src/main.c:346:6:SystemClock_Config	88	static
../Core/Src/main.c:392:13:MX_CAN1_Init	8	static
../Core/Src/main.c:429:13:MX_UART7_Init	8	static
../Core/Src/main.c:462:13:MX_USART3_UART_Init	8	static
../Core/Src/main.c:495:13:MX_USART6_UART_Init	8	static
../Core/Src/main.c:526:13:MX_DMA_Init	16	static
../Core/Src/main.c:548:13:MX_GPIO_Init	56	static
../Core/Src/main.c:642:6:config_CAN	8	static
../Core/Src/main.c:664:6:HAL_UART_RxCpltCallback	16	static
../Core/Src/main.c:719:6:parseMTData2	24	static
../Core/Src/main.c:754:6:dataswapendian	56	dynamic
../Core/Src/main.c:764:6:CDC_HANDLE	8	static
../Core/Src/main.c:771:6:HAL_CAN_TxMailbox1CompleteCallback	16	static
../Core/Src/main.c:782:6:Error_Handler	4	static,ignoring_inline_asm
